ELF Header:
  Magic:   7f 45 4c 46 01 01 01 00 00 00 00 00 00 00 00 00 
  Class:                             ELF32
  Data:                              2's complement, little endian
  Version:                           1 (current)
  OS/ABI:                            UNIX - System V
  ABI Version:                       0
  Type:                              EXEC (Executable file)
  Machine:                           CSKY
  Version:                           0x1
  Entry point address:               0x1fff1008
  Start of program headers:          52 (bytes into file)
  Start of section headers:          1381816 (bytes into file)
  Flags:                             0x21000000
  Size of this header:               52 (bytes)
  Size of program headers:           32 (bytes)
  Number of program headers:         3
  Size of section headers:           40 (bytes)
  Number of section headers:         23
  Section header string table index: 20

Section Headers:
  [Nr] Name              Type            Addr     Off    Size   ES Flg Lk Inf Al
  [ 0]                   NULL            00000000 000000 000000 00      0   0  0
  [ 1] .jtdata           PROGBITS        1fff0000 000400 000100 00  WA  0   0  2
  [ 2] .gcdata           PROGBITS        1fff0100 000500 000100 00  WA  0   0  4
  [ 3] .text             PROGBITS        1fff1000 000800 002380 00  AX  0   0 1024
  [ 4] .rodata           PROGBITS        1fff3380 002b80 000280 00   A  0   0  4
  [ 5] .data             PROGBITS        1fff3600 002e00 000040 00  WA  0   0  4
  [ 6] .bss              NOBITS          1fff3640 002e40 001c34 00  WA  0   0  4
  [ 7] ._user_heap       NOBITS          1fff5274 002e40 000200 00  WA  0   0  1
  [ 8] .debug_info       PROGBITS        00000000 002e40 013f21 00      0   0  1
  [ 9] .debug_abbrev     PROGBITS        00000000 016d61 001def 00      0   0  1
  [10] .debug_aranges    PROGBITS        00000000 018b50 000338 00      0   0  8
  [11] .debug_ranges     PROGBITS        00000000 018e88 0003f0 00      0   0  8
  [12] .debug_macinfo    PROGBITS        00000000 019278 12016f 00      0   0  1
  [13] .debug_line       PROGBITS        00000000 1393e7 0045c6 00      0   0  1
  [14] .debug_str        PROGBITS        00000000 13d9ad 002ed6 01  MS  0   0  1
  [15] .comment          PROGBITS        00000000 140883 000042 01  MS  0   0  1
  [16] .csky.attributes  CSKY_ATTRIBUTES 00000000 1408c5 000022 00      0   0  1
  [17] .csky_stack_size  PROGBITS        00000000 1408f0 00032c 00      0   0 16
  [18] .debug_frame      PROGBITS        00000000 140c1c 000620 00      0   0  4
  [19] .debug_loc        PROGBITS        00000000 14123c 000996 00      0   0  1
  [20] .shstrtab         STRTAB          00000000 1514c6 0000f0 00      0   0  1
  [21] .symtab           SYMTAB          00000000 141bd4 006b10 10     22 226  4
  [22] .strtab           STRTAB          00000000 1486e4 008de2 00      0   0  1
Key to Flags:
  W (write), A (alloc), X (execute), M (merge), S (strings), I (info),
  L (link order), O (extra OS processing required), G (group), T (TLS),
  C (compressed), x (unknown), o (OS specific), E (exclude),
  p (processor specific)

Program Headers:
  Type           Offset   VirtAddr   PhysAddr   FileSiz MemSiz  Flg Align
  LOAD           0x000400 0x1fff0000 0x1fff0000 0x00100 0x00100 RW  0x400
  LOAD           0x000500 0x1fff0100 0x1fff0100 0x00100 0x00100 RW  0x400
  LOAD           0x000800 0x1fff1000 0x1fff1000 0x02640 0x04474 RWE 0x400

 Section to Segment mapping:
  Segment Sections...
   00     .jtdata 
   01     .gcdata 
   02     .text .rodata .data .bss ._user_heap 
======================================================================
Csky GNU Linker

======================================================================

Section Cross References

	Obj/ck802_startup.o(.text) refers to Obj/ck802_board_init.o(.text.board_init) for board_init
	Obj/ck802_startup.o(.text) refers to Obj/ck802_system.o(.text.SystemInit) for SystemInit
	Obj/source_main.o(.text.startup.main) refers to Obj/source_clock.o(.text.hal_rtc_clock_config) for hal_rtc_clock_config
	Obj/ck802_trap_c.o(.text.trap_c) refers to Obj/source_my_printf.o(.text.dbg_printf) for dbg_printf
	Obj/source_adc.o(.text.hal_adc_init) refers to Obj/source_my_printf.o(.text.dbg_printf) for dbg_printf
	Obj/source_adc.o(.text.hal_adc_start) refers to Obj/source_my_printf.o(.text.dbg_printf) for dbg_printf
	Obj/source_main.o(.text.startup.main) refers to Obj/source_my_printf.o(.text.dbg_printf) for dbg_printf
	Obj/source_adc_demo.o(.text.adc_evt) refers to Obj/source_my_printf.o(.text.dbg_printf) for dbg_printf
	Obj/source_adc_demo.o(.text.adcMeasureTask) refers to Obj/source_my_printf.o(.text.dbg_printf) for dbg_printf
	Obj/source_main.o(.text.startup.main) refers to Obj/source_my_printf.o(.text.dbg_printf_init) for dbg_printf_init
	Obj/source_main.o(.text.startup.main) refers to Obj/source_pwrmgr.o(.text.hal_pwrmgr_init) for hal_pwrmgr_init
[...]
	_symrom_log_printf                 0x00004388               0  *ABS*
	_symrom_log_set_putc               0x000043b2               0  *ABS*
	_symrom_log_clr_putc               0x000043b8               0  *ABS*
	_symrom_log_debug_level            0x000043c0               0  *ABS*
	_symrom_log_get_debug_level        0x000043d0               0  *ABS*
	_symrom_spif_flash_size            0x000043e4               0  *ABS*
	_symrom_spif_set_flash_size        0x000043f8               0  *ABS*
	_symrom_init_spif                  0x000043fe               0  *ABS*
	_symrom_close_spif                 0x00004412               0  *ABS*
	_symrom_enable_spif_flash_write    0x0000441a               0  *ABS*
	_symrom_disable_spif_flash_write   0x00004440               0  *ABS*
	_symrom_check_internal_bus_busy    0x00004466               0  *ABS*
	_symrom_read_status_register       0x00004492               0  *ABS*
	_symrom_write_status_register      0x000044bc               0  *ABS*
	_symrom_read_deviceID              0x000044ee               0  *ABS*
	_symrom_spif_read_id               0x00004524               0  *ABS*
	_symrom_flash_sector_erase         0x00004556               0  *ABS*
	_symrom_flash_block32_erase        0x0000459e               0  *ABS*
	_symrom_flash_block64_erase        0x000045ee               0  *ABS*
	_symrom_flash_erase_all            0x00004636               0  *ABS*
	_symrom_flash_chip_erase           0x00004668               0  *ABS*
	_symrom_set_flash_deep_sleep       0x00004696               0  *ABS*
	_symrom_release_flash_deep_sleep   0x000046be               0  *ABS*
	_symrom_ProgramWordShort           0x000046e6               0  *ABS*
	_symrom_ProgramPage4               0x00004744               0  *ABS*
	_symrom_WriteFlashShort            0x000047a6               0  *ABS*
	_symrom_ReadFlash                  0x000047c6               0  *ABS*
	_symrom_ReadFlashWord              0x0000481a               0  *ABS*
	_symrom_ProgramPage64              0x0000486c               0  *ABS*
	_symrom_spif_program_write         0x000049bc               0  *ABS*
	_symrom_ProgramWord                0x000049f6               0  *ABS*
	_symrom_WriteFlash                 0x00004a70               0  *ABS*
	_symrom_hal_timer_wakeup_handler   0x00004a90               0  *ABS*
	_symrom_hal_timer_sleep_handler    0x00004aa4               0  *ABS*
	_symrom_clear_timer                0x00004ab4               0  *ABS*
	_symrom_TIM2_IRQHandler            0x00004abe               0  *ABS*
	_symrom_TIM3_IRQHandler            0x00004aee               0  *ABS*
	_symrom_set_timer                  0x00004b08               0  *ABS*
	_symrom_get_timer_count            0x00004b70               0  *ABS*
	_symrom_clear_timer_int            0x00004b74               0  *ABS*
	_symrom_get_timer_int              0x00004b78               0  *ABS*
	_symrom_isTimer1Running            0x00004b80               0  *ABS*
	_symrom_isTimer4Running            0x00004b8a               0  *ABS*
	_symrom_read_current_fine_time     0x00004b94               0  *ABS*
	_symrom_TIM1_IRQHandler            0x00004ba0               0  *ABS*
	_symrom_read_LL_remainder_time     0x00004bfa               0  *ABS*
	_symrom_getMcuPrecisionCount       0x00004c24               0  *ABS*
	_symrom_hal_TIMER4_IRQHandler      0x00004c2a               0  *ABS*
	_symrom_hal_timer_mask_int         0x00004c48               0  *ABS*
	_symrom_hal_timer_set              0x00004c66               0  *ABS*
	_symrom_hal_timer_stop             0x00004ca6               0  *ABS*
	_symrom_hal_timer_init             0x00004cce               0  *ABS*
	_symrom_hal_timer_deinit           0x00004cfa               0  *ABS*
	_symrom_SWU_UART0_IRQHandler       0x00004e66               0  *ABS*
	_symrom_swu_uart_init              0x00004ebc               0  *ABS*
	_symrom_swu_uart_deinit            0x00004fa0               0  *ABS*
	_symrom_swu_uart_send_buff         0x00004fd4               0  *ABS*
	_symrom_swu_uart_tx                0x00005046               0  *ABS*
	_symrom_swu_uart_set_baudrate      0x00005058               0  *ABS*
	_symrom_swu_tx_mode                0x00005086               0  *ABS*
	_symrom_swu_rx_mode                0x000050b4               0  *ABS*
	_symrom_swu_uart_rxtrigger         0x000050e2               0  *ABS*
	_symrom_swu_uart_txtrigger         0x0000512c               0  *ABS*
	_symrom_uart_hw_deinit             0x00005152               0  *ABS*
	_symrom_hal_UART0_IRQHandler       0x0000532e               0  *ABS*
	_symrom_hal_UART1_IRQHandler       0x00005368               0  *ABS*
	_symrom_hal_uart_init              0x000053a2               0  *ABS*
	_symrom_hal_uart_deinit            0x00005434               0  *ABS*
	_symrom_hal_uart_set_tx_buf        0x00005460               0  *ABS*
	_symrom_hal_uart_get_tx_ready      0x000054c6               0  *ABS*
	_symrom_hal_uart_send_buff         0x000054ec               0  *ABS*
	_symrom_hal_uart_send_byte         0x00005636               0  *ABS*
	_symrom_adc_init_r                 0x000056b4               0  *ABS*
	_symrom_ADC_INIT_TOUT              0x000057b8               0  *ABS*
	_symrom_ADC_CHECK_TOUT             0x000057cc               0  *ABS*
	_symrom_hal_adc_init               0x000057ec               0  *ABS*
	_symrom_hal_adc_clock_config       0x0000580a               0  *ABS*
	_symrom_hal_adc_set_lambda         0x0000582a               0  *ABS*
	_symrom_hal_adc_start              0x00005848               0  *ABS*
	_symrom_hal_adc_config_channel     0x0000588a               0  *ABS*
	_symrom_hal_adc_stop               0x00005be2               0  *ABS*
	_symrom_hal_ADC_IRQHandler         0x00005c90               0  *ABS*
	_symrom_hal_adc_value_cal          0x00005d7a               0  *ABS*
	_symrom_otp_init                   0x00005eb0               0  *ABS*
	_symrom_otp_delay_nop              0x00005eec               0  *ABS*
	_symrom_get_otp_state              0x00005f04               0  *ABS*
	_symrom_otp_go_standby             0x00005f0e               0  *ABS*
	_symrom_otp_go_test                0x00005f42               0  *ABS*
	_symrom_otp_go_read                0x00005f9e               0  *ABS*
	_symrom_otp_go_prog                0x00005ffa               0  *ABS*
	_symrom_otp_go_deepsleep           0x0000602e               0  *ABS*
	_symrom_otp_go_powerdown           0x00006062               0  *ABS*
	_symrom_otp_control_software_mode  0x00006096               0  *ABS*
	_symrom_otp_read_data              0x000060aa               0  *ABS*
	_symrom_otp_read_data_byte         0x00006104               0  *ABS*
	_symrom_otp_prog_data_polling      0x00006156               0  *ABS*
	_symrom_otp_default_value_check    0x00006202               0  *ABS*
	_symrom_otp_ate_test_read          0x0000623e               0  *ABS*
	_symrom_otp_ate_test_row_prog      0x00006248               0  *ABS*
	_symrom_otp_ate_test_row_read      0x000062bc               0  *ABS*
	_symrom_pwm_init                   0x00006328               0  *ABS*
	_symrom_pwm_open_channel           0x0000638c               0  *ABS*
	_symrom_pwm_close_channel          0x000063b8               0  *ABS*
	_symrom_pwm_destroy                0x000063e6               0  *ABS*
	_symrom_pwm_set_count_val          0x0000643a               0  *ABS*
	_symrom_pwm_start                  0x00006476               0  *ABS*
	_symrom_pwm_stop                   0x0000649e               0  *ABS*
	_symrom_pwm_module_init            0x000064c8               0  *ABS*
	_symrom_pwm_module_deinit          0x00006508               0  *ABS*
	_symrom_pwm_ch_start               0x00006550               0  *ABS*
	_symrom_pwm_ch_stop                0x000065d6               0  *ABS*
	_symrom_pwm_ch_enable              0x00006606               0  *ABS*
	_symrom_pwm_ch_reg                 0x0000660e               0  *ABS*
	_symrom_pwrmgr_config              0x00006644               0  *ABS*
	_symrom_pwrmgr_init                0x00006660               0  *ABS*
	_symrom_pwrmgr_clk_gate_config     0x0000668a               0  *ABS*
	_symrom_pwrmgr_is_lock             0x000066b8               0  *ABS*
	_symrom_pwrmgr_lock                0x000066f8               0  *ABS*
	_symrom_pwrmgr_unlock              0x00006746               0  *ABS*
	_symrom_pwrmgr_register            0x000067a0               0  *ABS*
	_symrom_pwrmgr_unregister          0x000067d0               0  *ABS*
	_symrom_pwrmgr_wakeup_process      0x0000680e               0  *ABS*
	_symrom_pwrmgr_RAM_retention_clr   0x00006882               0  *ABS*
	_symrom_pwrmgr_RAM_retention_set   0x00006890               0  *ABS*
	_symrom_pwrmgr_sleep_process       0x0000689e               0  *ABS*
	_symrom_pwrmgr_LowCurrentLdo_enable0x000068c2               0  *ABS*
	_symrom_pwrmgr_LowCurrentLdo_disable0x000068d0               0  *ABS*
	_symrom_QDEC_IRQHandler            0x00006b0a               0  *ABS*
	_symrom_qdec_timeout_handler       0x00006b5a               0  *ABS*
	_symrom_qdec_init                  0x00006b70               0  *ABS*
	_symrom_watchdog_sleep_handler     0x00006bf8               0  *ABS*
	_symrom_WDT_IRQHandler             0x00006c0c               0  *ABS*
	_symrom_watchdog_feed              0x00006c16               0  *ABS*
	_symrom_watchdog_init              0x00006c1e               0  *ABS*
	_symrom_watchdog_wakeup_handler    0x00006cae               0  *ABS*
	_symrom_Watchdog_Init              0x00006cbc               0  *ABS*
	_symrom_Watchdog_ProcessEvent      0x00006cd8               0  *ABS*
	_symrom_osal_strlen                0x00006d10               0  *ABS*
	_symrom_osal_memcpy                0x00006d18               0  *ABS*
	_symrom_osal_revmemcpy             0x00006d2c               0  *ABS*
	_symrom_osal_memdup                0x00006d4a               0  *ABS*
	_symrom_osal_memcmp                0x00006d68               0  *ABS*
	_symrom_osal_memset                0x00006d84               0  *ABS*
	_symrom_osal_build_uint16          0x00006d8c               0  *ABS*
	_symrom_osal_build_uint32          0x00006d98               0  *ABS*
	_symrom_osal_rand                  0x00006dd0               0  *ABS*
	_symrom_osal_msg_allocate          0x00006df0               0  *ABS*
	_symrom_osal_msg_deallocate        0x00006e18               0  *ABS*
	_symrom_osal_msg_find              0x00006e38               0  *ABS*
	_symrom_osal_msg_enqueue           0x00006e60               0  *ABS*
	_symrom_osal_msg_dequeue           0x00006e8a               0  *ABS*
	_symrom_osal_msg_push              0x00006eb0               0  *ABS*
	_symrom_osal_msg_send0             0x00006f26               0  *ABS*
	_symrom_osal_msg_push_front        0x00006f30               0  *ABS*
	_symrom_osal_msg_extract           0x00006f3a               0  *ABS*
	_symrom_osal_msg_enqueue_max       0x00006f6a               0  *ABS*
	_symrom_osal_set_event0            0x00006fa2               0  *ABS*
	_symrom_osal_clear_event           0x00006fda               0  *ABS*
	_symrom_osal_msg_receive           0x00007014               0  *ABS*
	_symrom_osal_init_system           0x00007072               0  *ABS*
	_symrom_osal_run_system            0x0000709c               0  *ABS*
	_symrom_osal_start_system          0x00007120               0  *ABS*
	_symrom_osal_buffer_uint32         0x00007128               0  *ABS*
	_symrom_osal_buffer_uint24         0x0000713a               0  *ABS*
	_symrom_osal_isbufset              0x00007148               0  *ABS*
	_symrom_osal_self                  0x00007164               0  *ABS*
	_symrom__itoa                      0x0000716a               0  *ABS*
	_symrom_osal_bm_alloc              0x00007200               0  *ABS*
	_symrom_osal_bm_free               0x0000722e               0  *ABS*
	_symrom_osal_bm_adjust_header      0x00007270               0  *ABS*
	_symrom_osal_bm_adjust_tail        0x00007296               0  *ABS*
	_symrom_osal_CbTimerInit           0x000072c4               0  *ABS*
	_symrom_osal_CbTimerProcessEvent   0x000072e8               0  *ABS*
	_symrom_osal_CbTimerStart          0x00007346               0  *ABS*
	_symrom_osal_CbTimerUpdate         0x000073a8               0  *ABS*
	_symrom_osal_CbTimerStop           0x000073e2               0  *ABS*
	_symrom_osalTimeUpdate             0x0000746e               0  *ABS*
	_symrom_osalTimeUpdate1            0x000074d2               0  *ABS*
	_symrom_osal_setClock              0x00007506               0  *ABS*
	_symrom_osal_getClock              0x0000750c               0  *ABS*
	_symrom_osal_ConvertUTCTime        0x00007512               0  *ABS*
	_symrom_osal_ConvertUTCSecs        0x0000762c               0  *ABS*
	_symrom_osal_mem_init0             0x00007704               0  *ABS*
	_symrom_osal_mem_set_heap          0x0000775c               0  *ABS*
	_symrom_osal_mem_alloc             0x00007778               0  *ABS*
	_symrom_osal_mem_free              0x0000783c               0  *ABS*
	_symrom_osal_mem_kick              0x0000785c               0  *ABS*
	_symrom_osal_pwrmgr_init           0x0000788c               0  *ABS*
	_symrom_osal_pwrmgr_device         0x0000789c               0  *ABS*
	_symrom_osal_pwrmgr_task_state     0x000078a2               0  *ABS*
	_symrom_osal_pwrmgr_powerconserve0 0x000078dc               0  *ABS*
	_symrom_osalTimerInit              0x000079e4               0  *ABS*
	_symrom_osalFindTimer              0x000079f0               0  *ABS*
	_symrom_osalAddTimer               0x00007a0c               0  *ABS*
	_symrom_osalDeleteTimer            0x00007a4e               0  *ABS*
	_symrom_osal_start_timerEx         0x00007a58               0  *ABS*
	_symrom_osal_start_reload_timer    0x00007a80               0  *ABS*
	_symrom_osal_stop_timerEx          0x00007aae               0  *ABS*
	_symrom_osal_get_timeoutEx         0x00007ade               0  *ABS*
	_symrom_osal_timer_num_active      0x00007b06               0  *ABS*
	_symrom_osalTimerUpdate            0x00007b26               0  *ABS*
	_symrom_osal_next_timeout          0x00007bc6               0  *ABS*
	_symrom_osal_GetSystemClock        0x00007be4               0  *ABS*
	_symrom_ATT_ErrorRsp               0x00007bf4               0  *ABS*
	_symrom_ATT_ExchangeMTURsp         0x00007c08               0  *ABS*
	_symrom_ATT_FindInfoRsp            0x00007c44               0  *ABS*
	_symrom_ATT_FindByTypeValueRsp     0x00007c66               0  *ABS*
	_symrom_ATT_ReadByTypeRsp          0x00007c7e               0  *ABS*
	_symrom_ATT_ReadRsp                0x00007c96               0  *ABS*
	_symrom_ATT_ReadBlobRsp            0x00007ca4               0  *ABS*
	_symrom_ATT_ReadMultiRsp           0x00007cb2               0  *ABS*
	_symrom_ATT_ReadByGrpTypeRsp       0x00007cc0               0  *ABS*
	_symrom_ATT_WriteRsp               0x00007cd8               0  *ABS*
	_symrom_ATT_PrepareWriteRsp        0x00007ce6               0  *ABS*
	_symrom_ATT_ExecuteWriteRsp        0x00007cf4               0  *ABS*
	_symrom_ATT_HandleValueNoti        0x00007d02               0  *ABS*
	_symrom_ATT_HandleValueInd         0x00007d10               0  *ABS*
	_symrom_ATT_ParsePacket            0x00007d4c               0  *ABS*
	_symrom_ATT_BuildErrorRsp          0x00007db4               0  *ABS*
	_symrom_ATT_ParseErrorRsp          0x00007dca               0  *ABS*
	_symrom_ATT_BuildExchangeMTUReq    0x00007de8               0  *ABS*
	_symrom_ATT_ParseExchangeMTUReq    0x00007df6               0  *ABS*
	_symrom_ATT_BuildExchangeMTURsp    0x00007e0e               0  *ABS*
	_symrom_ATT_ParseExchangeMTURsp    0x00007e1c               0  *ABS*
	_symrom_ATT_BuildFindInfoReq       0x00007e32               0  *ABS*
	_symrom_ATT_ParseFindInfoReq       0x00007e4a               0  *ABS*
	_symrom_ATT_BuildFindInfoRsp       0x00007e6c               0  *ABS*
	_symrom_ATT_ParseFindInfoRsp       0x00007ede               0  *ABS*
	_symrom_ATT_BuildFindByTypeValueReq0x00007f80               0  *ABS*
	_symrom_ATT_ParseFindByTypeValueReq0x00007fbc               0  *ABS*
	_symrom_ATT_BuildFindByTypeValueRsp0x00008006               0  *ABS*
	_symrom_ATT_ParseFindByTypeValueRsp0x00008034               0  *ABS*
	_symrom_ATT_BuildReadByTypeReq     0x0000807c               0  *ABS*
	_symrom_ATT_ParseReadByTypeReq     0x000080a4               0  *ABS*
	_symrom_ATT_BuildReadByTypeRsp     0x000080e0               0  *ABS*
	_symrom_ATT_ParseReadByTypeRsp     0x000080fa               0  *ABS*
	_symrom_ATT_BuildReadReq           0x00008140               0  *ABS*
	_symrom_ATT_ParseReadReq           0x0000814e               0  *ABS*
	_symrom_ATT_BuildReadRsp           0x00008166               0  *ABS*
	_symrom_ATT_ParseReadRsp           0x00008176               0  *ABS*
	_symrom_ATT_ParseWriteReq          0x00008194               0  *ABS*
	_symrom_ATT_BuildWriteReq          0x000081d4               0  *ABS*
	_symrom_ATT_ParseWriteRsp          0x000081f2               0  *ABS*
	_symrom_ATT_BuildReadBlobReq       0x000081fc               0  *ABS*
	_symrom_ATT_ParseReadBlobReq       0x00008214               0  *ABS*
	_symrom_ATT_BuildReadBlobRsp       0x00008236               0  *ABS*
	_symrom_ATT_ParseReadBlobRsp       0x00008246               0  *ABS*
	_symrom_ATT_BuildReadMultiReq      0x00008266               0  *ABS*
	_symrom_ATT_ParseReadMultiReq      0x0000828c               0  *ABS*
	_symrom_ATT_BuildReadMultiRsp      0x000082ce               0  *ABS*
	_symrom_ATT_ParseReadMultiRsp      0x000082de               0  *ABS*
	_symrom_ATT_BuildReadByGrpTypeRsp  0x000082fe               0  *ABS*
	_symrom_ATT_ParseReadByGrpTypeRsp  0x00008318               0  *ABS*
	_symrom_ATT_BuildPrepareWriteReq   0x0000835e               0  *ABS*
	_symrom_ATT_ParsePrepareWriteReq   0x00008386               0  *ABS*
	_symrom_ATT_BuildPrepareWriteRsp   0x000083c6               0  *ABS*
	_symrom_ATT_ParsePrepareWriteRsp   0x000083ee               0  *ABS*
	_symrom_ATT_BuildExecuteWriteReq   0x00008426               0  *ABS*
	_symrom_ATT_ParseExecuteWriteReq   0x0000842e               0  *ABS*
	_symrom_ATT_ParseExecuteWriteRsp   0x00008440               0  *ABS*
	_symrom_ATT_BuildHandleValueInd    0x0000844a               0  *ABS*
	_symrom_ATT_ParseHandleValueInd    0x00008468               0  *ABS*
	_symrom_ATT_ParseHandleValueCfm    0x00008498               0  *ABS*
	_symrom_attSendMsg                 0x000084a2               0  *ABS*
	_symrom_ATT_ConvertUUIDto128       0x0000852a               0  *ABS*
	_symrom_ATT_CompareUUID            0x00008552               0  *ABS*
	_symrom_ATT_ConvertUUIDto16        0x000085a4               0  *ABS*
	_symrom_ATT_SetParamValue          0x000085e6               0  *ABS*
	_symrom_ATT_GetParamValue          0x000085e8               0  *ABS*
	_symrom_ATT_SetMTUSizeMax          0x000085ec               0  *ABS*
	_symrom_ATT_UpdateMtuSize          0x00008614               0  *ABS*
	_symrom_ATT_GetCurrentMTUSize      0x00008626               0  *ABS*
	_symrom_ATT_InitMtuSize            0x00008630               0  *ABS*
	_symrom_GAP_DeviceDiscoveryRequest 0x00008a1c               0  *ABS*
	_symrom_GAP_DeviceDiscoveryCancel  0x00008ab2               0  *ABS*
	_symrom_GAP_CentDevMgrInit         0x00008ae2               0  *ABS*
	_symrom_gapSetScanParamStatus      0x00008b54               0  *ABS*
	_symrom_GAP_SetParamValue          0x00008c2c               0  *ABS*
	_symrom_GAP_GetParamValue          0x00008c48               0  *ABS*
	_symrom_GAP_ParamsInit             0x00008c5e               0  *ABS*
	_symrom_GAP_SecParamsInit          0x00008c8c               0  *ABS*
	_symrom_gapReadBD_ADDRStatus       0x00008cc6               0  *ABS*
	_symrom_gapReadBufSizeCmdStatus    0x00008d0c               0  *ABS*
	_symrom_gapAddAddrAdj              0x00008d4c               0  *ABS*
	_symrom_gapProcessNewAddr          0x00008d7c               0  *ABS*
	_symrom_GAP_ConfigDeviceAddr       0x00008daa               0  *ABS*
	_symrom_gapDetermineAddrType       0x00008e4e               0  *ABS*
	_symrom_gapProcessRandomAddrComplete0x00008e6c               0  *ABS*
	_symrom_gapGetSRK                  0x00008ec6               0  *ABS*
	_symrom_gapGetSignCounter          0x00008ecc               0  *ABS*
	_symrom_gapIncSignCounter          0x00008ed4               0  *ABS*
	_symrom_gapUpdateConnSignCounter   0x00008ef4               0  *ABS*
	_symrom_gapGetDevAddressMode       0x00008f4c               0  *ABS*
	_symrom_gapGetDevAddress           0x00008f52               0  *ABS*
	_symrom_gapGetIRK                  0x00008f6c               0  *ABS*
	_symrom_gapSendSlaveSecurityReqEvent0x00008f72               0  *ABS*
	_symrom_GAP_ResolvePrivateAddr     0x00008fcc               0  *ABS*
	_symrom_gapIsAdvertising           0x00008fd0               0  *ABS*
	_symrom_gapIsScanning              0x00008fde               0  *ABS*
	_symrom_gapValidADType             0x00008fec               0  *ABS*
	_symrom_gapFindADType              0x00009002               0  *ABS*
	_symrom_GAP_TerminateLinkReq       0x000090a0               0  *ABS*
	_symrom_GAP_Signable               0x000090ca               0  *ABS*
	_symrom_GAP_Authenticate           0x00009116               0  *ABS*
	_symrom_GAP_TerminateAuth          0x000091be               0  *ABS*
	_symrom_GAP_PasscodeUpdate         0x000091e2               0  *ABS*
	_symrom_GAP_PasskeyUpdate          0x0000922e               0  *ABS*
	_symrom_GAP_Bond                   0x0000925e               0  *ABS*
	_symrom_gapProcessDisconnectCompleteEvt00x000092bc               0  *ABS*
	_symrom_sendEstLinkEvent           0x00009358               0  *ABS*
	_symrom_gapSendLinkUpdateEvent     0x000093d2               0  *ABS*
	_symrom_gapProcessConnUpdateCompleteEvt0x00009436               0  *ABS*
	_symrom_gapFreeEstLink             0x00009450               0  *ABS*
	_symrom_gapProcessConnectionCompleteEvt00x00009464               0  *ABS*
	_symrom_gapSendBondCompleteEvent   0x00009544               0  *ABS*
	_symrom_gapSendPairingReqEvent     0x00009590               0  *ABS*
	_symrom_gapPasskeyNeededCB         0x0000960a               0  *ABS*
	_symrom_gapPairingCompleteCB       0x00009678               0  *ABS*
	_symrom_gapSetAdvParams            0x000098de               0  *ABS*
	_symrom_GAP_MakeDiscoverable       0x000099d2               0  *ABS*
	_symrom_GAP_UpdateAdvertisingData  0x00009a5a               0  *ABS*
	_symrom_GAP_EndDiscoverable        0x00009ac8               0  *ABS*
	_symrom_GAP_PeriDevMgrInit         0x00009b78               0  *ABS*
	_symrom_gapSetAdvParamsStatus      0x00009c18               0  *ABS*
	_symrom_gapWriteAdvEnableStatus    0x00009c42               0  *ABS*
	_symrom_gapWriteAdvDataStatus      0x00009d48               0  *ABS*
	_symrom_GAP_SendSlaveSecurityRequest0x00009d60               0  *ABS*
	_symrom_GAP_RegisterForHCIMsgs     0x00009db4               0  *ABS*
	_symrom_GAP_Init                   0x00009dc0               0  *ABS*
	_symrom_GAP_ProcessEvent           0x00009dda               0  *ABS*
	_symrom_GAP_NumActiveConnections   0x00009fac               0  *ABS*
	_symrom_gapRegisterCentral         0x00009fb4               0  *ABS*
	_symrom_gapRegisterPeripheral      0x00009fba               0  *ABS*
	_symrom_GATT_InitServer            0x0000a1b2               0  *ABS*
	_symrom_GATT_RegisterService       0x0000a1de               0  *ABS*
	_symrom_GATT_DeregisterService     0x0000a288               0  *ABS*
	_symrom_GATT_RegisterForReq        0x0000a2cc               0  *ABS*
	_symrom_GATT_VerifyReadPermissions 0x0000a2d2               0  *ABS*
	_symrom_GATT_VerifyWritePermissions0x0000a2fe               0  *ABS*
	_symrom_GATT_FindHandleUUID        0x0000a36c               0  *ABS*
	_symrom_GATT_FindHandle            0x0000a560               0  *ABS*
	_symrom_GATT_ServiceNumAttrs       0x0000a62a               0  *ABS*
	_symrom_GATT_FindNextAttr          0x0000a642               0  *ABS*
	_symrom_GATT_Indication            0x0000a6ec               0  *ABS*
	_symrom_GATT_ServiceChangedInd     0x0000a758               0  *ABS*
	_symrom_GATT_Notification          0x0000a7ae               0  *ABS*
	_symrom_GATT_SetNextHandle         0x0000a7e6               0  *ABS*
	_symrom_gattRegisterServer         0x0000a7f0               0  *ABS*
	_symrom_gattRegisterClient         0x0000a7fc               0  *ABS*
	_symrom_GATT_SetHostToAppFlowCtrl  0x0000a802               0  *ABS*
	_symrom_GATT_AppCompletedMsg       0x0000a810               0  *ABS*
	_symrom_GATT_Init                  0x0000a836               0  *ABS*
	_symrom_GATT_ProcessEvent          0x0000a84c               0  *ABS*
	_symrom_gattNotifyEvent            0x0000a914               0  *ABS*
	_symrom_gattStartTimer             0x0000a968               0  *ABS*
	_symrom_gattStopTimer              0x0000a976               0  *ABS*
	_symrom_GATT_FindUUIDRec           0x0000a9a4               0  *ABS*
	_symrom_L2CAP_RegisterApp          0x0000ab00               0  *ABS*
	_symrom_L2CAP_SendData             0x0000ab20               0  *ABS*
	_symrom_L2CAP_CmdReject            0x0000ab4c               0  *ABS*
	_symrom_L2CAP_EchoReq              0x0000ab62               0  *ABS*
	_symrom_L2CAP_InfoReq              0x0000ab8a               0  *ABS*
	_symrom_L2CAP_ConnParamUpdateReq   0x0000aba2               0  *ABS*
	_symrom_L2CAP_ConnParamUpdateRsp   0x0000abba               0  *ABS*
	_symrom_L2CAP_SetControllerToHostFlowCtrl0x0000abd0               0  *ABS*
	_symrom_L2CAP_HostNumCompletedPkts 0x0000ac00               0  *ABS*
	_symrom_L2CAP_Init                 0x0000ac3c               0  *ABS*
	_symrom_L2CAP_ProcessEvent         0x0000ac80               0  *ABS*
	_symrom_l2capParseSignalHdr        0x0000ae34               0  *ABS*
	_symrom_l2capEncapSendData0        0x0000ae48               0  *ABS*
	_symrom_L2CAP_BuildCmdReject       0x0000aef2               0  *ABS*
	_symrom_l2capParseCmdReject        0x0000af30               0  *ABS*
	_symrom_l2capBuildEchoReq          0x0000af70               0  *ABS*
	_symrom_l2capBuildEchoRsp          0x0000af8c               0  *ABS*
	_symrom_l2capParseEchoRsp          0x0000afaa               0  *ABS*
	_symrom_l2capBuildInfoReq          0x0000afdc               0  *ABS*
	_symrom_L2CAP_ParseInfoReq         0x0000afea               0  *ABS*
	_symrom_L2CAP_BuildInfoRsp         0x0000b000               0  *ABS*
	_symrom_l2capParseInfoRsp          0x0000b042               0  *ABS*
	_symrom_l2capBuildParamUpdateReq   0x0000b0a4               0  *ABS*
	_symrom_L2CAP_ParseParamUpdateReq  0x0000b0d0               0  *ABS*
	_symrom_L2CAP_BuildParamUpdateRsp  0x0000b104               0  *ABS*
	_symrom_l2capParseParamUpdateRsp   0x0000b112               0  *ABS*
	_symrom_l2capNotifyData            0x0000b128               0  *ABS*
	_symrom_l2capNotifySignal          0x0000b16e               0  *ABS*
	_symrom_l2capAllocChannel          0x0000b206               0  *ABS*
	_symrom_l2capFreeChannel           0x0000b244               0  *ABS*
	_symrom_l2capFindLocalId           0x0000b24c               0  *ABS*
	_symrom_l2capStopTimer             0x0000b276               0  *ABS*
	_symrom_l2capHandleRxError         0x0000b288               0  *ABS*
	_symrom_L2CAP_bm_alloc             0x0000b28a               0  *ABS*
	_symrom_l2capSendCmd               0x0000b2a6               0  *ABS*
	_symrom_l2capSendReq               0x0000b30c               0  *ABS*
	_symrom_L2CAP_Fragment_bm_alloc    0x0000b392               0  *ABS*
	_symrom_L2CAP_Fragment_SendDataPkt 0x0000b39a               0  *ABS*
	_symrom_l2capSarBufReset           0x0000b3c2               0  *ABS*
	_symrom_L2CAP_ReassemblePkt_Reset  0x0000b416               0  *ABS*
	_symrom_l2capParsePacket0          0x0000b436               0  *ABS*
	_symrom_L2CAP_SegmentPkt_Reset     0x0000b5de               0  *ABS*
	_symrom_l2capPktToSegmentBuff0     0x0000b61c               0  *ABS*
	_symrom_l2capSegmentBuffToLinkLayer00x0000b71e               0  *ABS*
	_symrom_l2capPocessFragmentTxData0 0x0000b780               0  *ABS*
	_symrom_L2CAP_ExtendFramgents_Config0x0000b7a0               0  *ABS*
	_symrom_linkDB_Init                0x0000b7e4               0  *ABS*
	_symrom_linkDB_Register            0x0000b808               0  *ABS*
	_symrom_linkDB_Find                0x0000b828               0  *ABS*
	_symrom_linkDB_Add                 0x0000b836               0  *ABS*
	_symrom_linkDB_Remove              0x0000b898               0  *ABS*
	_symrom_linkDB_Update              0x0000b8d2               0  *ABS*
	_symrom_linkDB_FindFirst           0x0000b8f4               0  *ABS*
	_symrom_linkDB_State               0x0000b90e               0  *ABS*
	_symrom_linkDB_NumActive           0x0000b936               0  *ABS*
	_symrom_linkDB_Authen              0x0000b944               0  *ABS*
	_symrom_linkDB_PerformFunc         0x0000b99a               0  *ABS*
	_symrom_SM_Encrypt                 0x0000bbf0               0  *ABS*
	_symrom_SM_GenerateAuthenSig       0x0000bc34               0  *ABS*
	_symrom_SM_VerifyAuthenSig         0x0000bce6               0  *ABS*
	_symrom_smProcessRandComplete      0x0000bdcc               0  *ABS*
	_symrom_smStartRspTimer            0x0000be54               0  *ABS*
	_symrom_smStopRspTimer             0x0000be6e               0  *ABS*
	_symrom_smInProcess                0x0000be7c               0  *ABS*
	_symrom_SM_NewRandKey              0x0000be8a               0  *ABS*
	_symrom_sm_d1                      0x0000bec2               0  *ABS*
	_symrom_sm_ah                      0x0000bf02               0  *ABS*
	_symrom_sm_dm                      0x0000bf46               0  *ABS*
	_symrom_sm_c1new                   0x0000bf86               0  *ABS*
	_symrom_sm_s1                      0x0000c090               0  *ABS*
	_symrom_smGenerateRandBuf          0x0000c0d0               0  *ABS*
	_symrom_SM_CalcRandomAddr          0x0000c100               0  *ABS*
	_symrom_smAuthReqToUint8           0x0000c14c               0  *ABS*
	_symrom_smUint8ToAuthReq           0x0000c150               0  *ABS*
	_symrom_SM_StartPairing            0x0000c1ec               0  *ABS*
	_symrom_smRegisterResponder        0x0000c264               0  *ABS*
	_symrom_smLinkCheck                0x0000c26a               0  *ABS*
	_symrom_sm_c1                      0x0000c284               0  *ABS*
	_symrom_smGeneratePairingReqRsp    0x0000c2fc               0  *ABS*
	_symrom_smGenerateConfirm          0x0000c324               0  *ABS*
	_symrom_SM_PasskeyUpdate           0x0000c348               0  *ABS*
	_symrom_smGenerateRandMsg          0x0000c3b6               0  *ABS*
	_symrom_smSavePairInfo             0x0000c3da               0  *ABS*
	_symrom_smPairingSendEncInfo       0x0000c532               0  *ABS*
	_symrom_smPairingSendMasterID      0x0000c540               0  *ABS*
	_symrom_smPairingSendIdentityInfo  0x0000c568               0  *ABS*
	_symrom_smPairingSendIdentityAddrInfo0x0000c576               0  *ABS*
	_symrom_smPairingSendSingingInfo   0x0000c59e               0  *ABS*
	_symrom_smEndPairing               0x0000c5ac               0  *ABS*
	_symrom_smTimedOut                 0x0000c5da               0  *ABS*
	_symrom_smSendFailAndEnd           0x0000c5e4               0  *ABS*
	_symrom_smProcessDataMsg           0x0000c5fe               0  *ABS*
	_symrom_smProcessPairingReq        0x0000c6c0               0  *ABS*
	_symrom_smProcessEncryptChange     0x0000c714               0  *ABS*
	_symrom_smNextPairingState         0x0000c77e               0  *ABS*
	_symrom_smDetermineKeySize         0x0000c7ac               0  *ABS*
	_symrom_SM_ResponderInit           0x0000caec               0  *ABS*
	_symrom_smpResponderProcessPairingReq0x0000cb08               0  *ABS*
	_symrom_SM_Init0                   0x0000cdc8               0  *ABS*
	_symrom_SM_ProcessEvent0           0x0000cdec               0  *ABS*
	_symrom_smpBuildPairingReqRsp      0x0000cedc               0  *ABS*
	_symrom_smpBuildPairingReq         0x0000cf4e               0  *ABS*
	_symrom_smpBuildPairingRsp         0x0000cf5c               0  *ABS*
	_symrom_smpParsePairingReq         0x0000cf6a               0  *ABS*
	_symrom_smpBuildPairingConfirm     0x0000d01c               0  *ABS*
	_symrom_smpParsePairingConfirm     0x0000d03e               0  *ABS*
	_symrom_smpBuildPairingRandom      0x0000d05c               0  *ABS*
	_symrom_smpParsePairingRandom      0x0000d07e               0  *ABS*
	_symrom_smpBuildPairingFailed      0x0000d09c               0  *ABS*
	_symrom_smpParsePairingFailed      0x0000d0b4               0  *ABS*
	_symrom_smpBuildEncInfo            0x0000d0d4               0  *ABS*
	_symrom_smpParseEncInfo            0x0000d0f6               0  *ABS*
	_symrom_smpBuildMasterID           0x0000d114               0  *ABS*
	_symrom_smpParseMasterID           0x0000d140               0  *ABS*
	_symrom_smpBuildIdentityInfo       0x0000d168               0  *ABS*
	_symrom_smpBuildIdentityAddrInfo   0x0000d18a               0  *ABS*
	_symrom_smpParseIdentityInfo       0x0000d1b0               0  *ABS*
	_symrom_smpParseIdentityAddrInfo   0x0000d1ce               0  *ABS*
	_symrom_smpBuildSigningInfo        0x0000d1f0               0  *ABS*
	_symrom_smpParseSigningInfo        0x0000d212               0  *ABS*
	_symrom_smpBuildSecurityReq        0x0000d230               0  *ABS*
	_symrom_smSendSMMsg                0x0000d24e               0  *ABS*
	_symrom_HCI_bm_alloc               0x0000d29c               0  *ABS*
	_symrom_HCI_ValidConnTimeParams    0x0000d2a4               0  *ABS*
	_symrom_HCI_SendDataPkt            0x0000d2e4               0  *ABS*
	_symrom_HCI_DisconnectCmd          0x0000d316               0  *ABS*
	_symrom_HCI_ReadRemoteVersionInfoCmd0x0000d328               0  *ABS*
	_symrom_HCI_SetEventMaskCmd        0x0000d35a               0  *ABS*
	_symrom_HCI_ResetCmd               0x0000d38a               0  *ABS*
	_symrom_HCI_ReadTransmitPowerLevelCmd0x0000d3ba               0  *ABS*
	_symrom_HCI_SetControllerToHostFlowCtrlCmd0x0000d3da               0  *ABS*
	_symrom_HCI_HostBufferSizeCmd      0x0000d41c               0  *ABS*
	_symrom_HCI_HostNumCompletedPktCmd 0x0000d44a               0  *ABS*
	_symrom_HCI_ReadLocalVersionInfoCmd0x0000d4aa               0  *ABS*
	_symrom_HCI_ReadLocalSupportedCommandsCmd0x0000d508               0  *ABS*
	_symrom_HCI_ReadLocalSupportedFeaturesCmd0x0000d51a               0  *ABS*
	_symrom_HCI_ReadBDADDRCmd          0x0000d540               0  *ABS*
	_symrom_HCI_ReadRssiCmd            0x0000d562               0  *ABS*
	_symrom_HCI_LE_SetEventMaskCmd     0x0000d590               0  *ABS*
	_symrom_HCI_LE_ReadBufSizeCmd      0x0000d5c8               0  *ABS*
	_symrom_HCI_LE_ReadLocalSupportedFeaturesCmd0x0000d5f6               0  *ABS*
	_symrom_HCI_LE_SetRandomAddressCmd 0x0000d618               0  *ABS*
	_symrom_HCI_LE_SetAdvParamCmd      0x0000d644               0  *ABS*
	_symrom_HCI_LE_SetAdvDataCmd       0x0000d67e               0  *ABS*
	_symrom_HCI_LE_SetScanRspDataCmd   0x0000d69e               0  *ABS*
	_symrom_HCI_LE_SetAdvEnableCmd     0x0000d6da               0  *ABS*
	_symrom_HCI_LE_ReadAdvChanTxPowerCmd0x0000d6fa               0  *ABS*
	_symrom_HCI_LE_SetScanParamCmd     0x0000d710               0  *ABS*
	_symrom_HCI_LE_SetScanEnableCmd    0x0000d736               0  *ABS*
	_symrom_HCI_LE_SetHostChanClassificationCmd0x0000d756               0  *ABS*
	_symrom_HCI_LE_ReadChannelMapCmd   0x0000d76e               0  *ABS*
	_symrom_HCI_LE_ReadRemoteUsedFeaturesCmd0x0000d7a0               0  *ABS*
	_symrom_HCI_LE_EncryptCmd          0x0000d7b2               0  *ABS*
	_symrom_HCI_LE_RandCmd             0x0000d7e8               0  *ABS*
	_symrom_HCI_LE_LtkReqReplyCmd      0x0000d818               0  *ABS*
	_symrom_HCI_LE_LtkReqNegReplyCmd   0x0000d842               0  *ABS*
	_symrom_HCI_LE_ReadSupportedStatesCmd0x0000d86c               0  *ABS*
	_symrom_HCI_LE_SetDataLengthCmd    0x0000d898               0  *ABS*
	_symrom_HCI_LE_ReadMaxDataLengthCmd0x0000d8c2               0  *ABS*
	_symrom_HCI_LE_ReadSuggestedDefaultDataLengthCmd0x0000d90e               0  *ABS*
	_symrom_HCI_LE_WriteSuggestedDefaultDataLengthCmd0x0000d944               0  *ABS*
	_symrom_HCI_LE_SetDefaultPhyMode   0x0000d964               0  *ABS*
	_symrom_HCI_LE_SetPhyMode          0x0000d984               0  *ABS*
	_symrom_HCI_LE_ReadPhyMode         0x0000d9a0               0  *ABS*
	_symrom_LL_RandCback               0x0000d9e2               0  *ABS*
	_symrom_HCI_ReverseBytes           0x0000da10               0  *ABS*
	_symrom_LL_RxDataCompleteCback     0x0000da30               0  *ABS*
	_symrom_hciInitEventMasks          0x0000dae0               0  *ABS*
	_symrom_HCI_DataBufferOverflowEvent0x0000db10               0  *ABS*
	_symrom_HCI_NumOfCompletedPacketsEvent0x0000db46               0  *ABS*
	_symrom_HCI_CommandCompleteEvent   0x0000dbcc               0  *ABS*
	_symrom_HCI_CommandStatusEvent     0x0000dc48               0  *ABS*
	_symrom_HCI_HardwareErrorEvent     0x0000dc86               0  *ABS*
	_symrom_HCI_SendCommandCompleteEvent0x0000dcc6               0  *ABS*
	_symrom_HCI_VendorSpecifcCommandCompleteEvent0x0000dd4a               0  *ABS*
	_symrom_HCI_SendControllerToHostEvent0x0000dd5a               0  *ABS*
	_symrom_HCI_SendCommandStatusEvent 0x0000dda2               0  *ABS*
	_symrom_LL_AdvReportCback          0x0000ddc8               0  *ABS*
	_symrom_LL_ConnectionCompleteCback 0x0000de5c               0  *ABS*
	_symrom_LL_DirectAdvReportCback    0x0000df1c               0  *ABS*
	_symrom_LL_DisconnectCback         0x0000df1e               0  *ABS*
	_symrom_LL_ConnParamUpdateCback    0x0000df52               0  *ABS*
	_symrom_LL_ReadRemoteUsedFeaturesCompleteCback0x0000dfa4               0  *ABS*
	_symrom_LL_ReadRemoteVersionInfoCback0x0000e00c               0  *ABS*
	_symrom_LL_EncLtkReqCback          0x0000e074               0  *ABS*
	_symrom_LL_EncChangeCback          0x0000e0c2               0  *ABS*
	_symrom_LL_EncKeyRefreshCback      0x0000e0fa               0  *ABS*
	_symrom_LL_DataLengthChangeCback   0x0000e132               0  *ABS*
	_symrom_LL_PhyUpdateCompleteCback  0x0000e17c               0  *ABS*
	_symrom_HCI_Init0                  0x0000e1d4               0  *ABS*
	_symrom_HCI_ProcessEvent0          0x0000e218               0  *ABS*
	_symrom_HCI_TestAppTaskRegister    0x0000e254               0  *ABS*
	_symrom_HCI_GAPTaskRegister        0x0000e25a               0  *ABS*
	_symrom_HCI_L2CAPTaskRegister      0x0000e260               0  *ABS*
	_symrom_HCI_SMPTaskRegister        0x0000e266               0  *ABS*
	_symrom_HCI_ExtTaskRegister        0x0000e26c               0  *ABS*
	_symrom_LL_Init0                   0x0000e28c               0  *ABS*
	_symrom_LL_ProcessEvent0           0x0000e3e8               0  *ABS*
	_symrom_LL_TX_bm_alloc             0x0000e51c               0  *ABS*
	_symrom_LL_RX_bm_alloc             0x0000e53a               0  *ABS*
	_symrom_LL_Reset0                  0x0000e550               0  *ABS*
	_symrom_LL_TxData0                 0x0000e616               0  *ABS*
	_symrom_LL_SetAdvParam0            0x0000e68c               0  *ABS*
	_symrom_LL_SetAdvData0             0x0000e896               0  *ABS*
	_symrom_LL_SetAdvControl0          0x0000e8c8               0  *ABS*
	_symrom_LL_ConnActive              0x0000ea16               0  *ABS*
	_symrom_LL_Disconnect0             0x0000ea36               0  *ABS*
	_symrom_LL_ReadRemoteVersionInfo   0x0000eaf6               0  *ABS*
	_symrom_LL_PhyUpdate0              0x0000eb5c               0  *ABS*
	_symrom_LL_ReadRemoteUsedFeatures0 0x0000ec1a               0  *ABS*
	_symrom_LL_Encrypt0                0x0000ec3e               0  *ABS*
	_symrom_LL_Rand                    0x0000ec58               0  *ABS*
	_symrom_LL_PseudoRand              0x0000ecb8               0  *ABS*
	_symrom_LL_ReadSupportedStates     0x0000ecbc               0  *ABS*
	_symrom_LL_ReadLocalVersionInfo    0x0000eccc               0  *ABS*
	_symrom_LL_CtrlToHostFlowControl   0x0000ece0               0  *ABS*
	_symrom_LL_ReadTxPowerLevel0       0x0000ecfe               0  *ABS*
	_symrom_LL_SetTxPowerLevel0        0x0000ed4c               0  *ABS*
	_symrom_LL_ReadChanMap             0x0000ed60               0  *ABS*
	_symrom_LL_ReadRssi0               0x0000ed9c               0  *ABS*
	_symrom_LL_ReadFoff                0x0000edb2               0  *ABS*
	_symrom_LL_ReadCarrSens            0x0000edc8               0  *ABS*
	_symrom_LL_SetScanParam0           0x0000edde               0  *ABS*
	_symrom_LL_SetScanControl0         0x0000ee48               0  *ABS*
	_symrom_LL_SetScanRspData          0x0000ef8c               0  *ABS*
	_symrom_LL_EncLtkReply             0x0000efbe               0  *ABS*
	_symrom_LL_EncLtkNegReply          0x0000f014               0  *ABS*
	_symrom_LL_ReadBDADDR              0x0000f05a               0  *ABS*
	_symrom_LL_ReadLocalSupportedFeatures0x0000f078               0  *ABS*
	_symrom_LL_SetRandomAddress        0x0000f08c               0  *ABS*
	_symrom_LL_WriteSuggestedDefaultDataLength0x0000f0ce               0  *ABS*
	_symrom_LL_SetDataLengh0           0x0000f0f4               0  *ABS*
	_symrom_LL_SetDefaultPhyMode       0x0000f192               0  *ABS*
	_symrom_LL_SetPhyMode0             0x0000f1b0               0  *ABS*
	_symrom_LL_PLUS_DisableSlaveLatency00x0000f2c0               0  *ABS*
	_symrom_LL_PLUS_EnableSlaveLatency00x0000f412               0  *ABS*
	_symrom_LL_InitConnectContext      0x0000f44e               0  *ABS*
	_symrom_llMemCopySrc               0x0000f544               0  *ABS*
	_symrom_llMemCopyDst               0x0000f564               0  *ABS*
	_symrom_llProcessChanMap           0x0000f582               0  *ABS*
	_symrom_llGetNextDataChan          0x0000f5d6               0  *ABS*
	_symrom_llSetupScanInit            0x0000f61a               0  *ABS*
	_symrom_llSetupScan0               0x0000f624               0  *ABS*
	_symrom_llDequeueDataQ             0x0000f69a               0  *ABS*
	_symrom_llConnCleanup              0x0000f6be               0  *ABS*
	_symrom_llReleaseAllConnId         0x0000f6e6               0  *ABS*
	_symrom_llConnTerminate0           0x0000f6e8               0  *ABS*
	_symrom_llProcessTxData0           0x0000f6fa               0  *ABS*
	_symrom_llEnqueueCtrlPkt           0x0000f76a               0  *ABS*
	_symrom_llDequeueCtrlPkt           0x0000f7a6               0  *ABS*
	_symrom_llReplaceCtrlPkt           0x0000f7ec               0  *ABS*
	_symrom_llConvertCtrlProcTimeoutToEvent0x0000f806               0  *ABS*
	_symrom_ll24BitTimeCompare         0x0000f832               0  *ABS*
	_symrom_llEventDelta               0x0000f856               0  *ABS*
	_symrom_llEventInRange             0x0000f85c               0  *ABS*
	_symrom_llSetNextDataChan0         0x0000f882               0  *ABS*
	_symrom_llSetNextPhyMode0          0x0000f90c               0  *ABS*
	_symrom_llConvertLstoToEvent       0x0000f960               0  *ABS*
	_symrom_llSetupDataLenghtReq       0x0000f988               0  *ABS*
	_symrom_llSetupDataLenghtRsp       0x0000fa24               0  *ABS*
	_symrom_llSetupPhyReq              0x0000fa8e               0  *ABS*
	_symrom_llSetupPhyRsp              0x0000fae2               0  *ABS*
	_symrom_llSetupStartEncReq         0x0000fb36               0  *ABS*
	_symrom_llSetupStartEncRsp         0x0000fb56               0  *ABS*
	_symrom_llSetupRejectInd           0x0000fb8e               0  *ABS*
	_symrom_llSetupRejectExtInd        0x0000fbb2               0  *ABS*
	_symrom_llSetupVersionIndReq       0x0000fbd6               0  *ABS*
	_symrom_llSetupFeatureSetRsp       0x0000fc40               0  *ABS*
	_symrom_llSetupUnknownRsp          0x0000fc98               0  *ABS*
	_symrom_llSetupTermInd             0x0000fce4               0  *ABS*
	_symrom_llEnqueueDataQ             0x0000fd48               0  *ABS*
	_symrom_llResetConnId              0x0000fd6e               0  *ABS*
	_symrom_llAllocConnId              0x0000febe               0  *ABS*
	_symrom_llPendingUpdateParam       0x0000fef2               0  *ABS*
	_symrom_llInitFeatureSet           0x0000ff2a               0  *ABS*
	_symrom_llInitFeatureSetDLE        0x0000ff44               0  *ABS*
	_symrom_llInitFeatureSet2MPHY      0x0000ff58               0  *ABS*
	_symrom_llAtLeastTwoChans          0x0000ff7a               0  *ABS*
	_symrom_llResetRfCounters          0x0000ffbe               0  *ABS*
	_symrom_llCalcScaFactor            0x0000ffcc               0  *ABS*
	_symrom_llGetNextAdvChn            0x0000ffe8               0  *ABS*
	_symrom_reset_conn_buf             0x0001004a               0  *ABS*
	_symrom_llReleaseConnId0           0x000100b8               0  *ABS*
	_symrom_update_tx_write_ptr        0x0001010c               0  *ABS*
	_symrom_update_tx_read_ptr         0x0001012e               0  *ABS*
	_symrom_getTxBufferSize            0x0001015c               0  *ABS*
	_symrom_llSetupEncRsp              0x00010178               0  *ABS*
	_symrom_llSetupPauseEncRsp         0x000101f4               0  *ABS*
	_symrom_getTxBufferFree            0x00010278               0  *ABS*
	_symrom_llWriteTxData0             0x00010288               0  *ABS*
	_symrom_get_tx_read_ptr            0x000102f8               0  *ABS*
	_symrom_get_tx_write_ptr           0x000102fe               0  *ABS*
	_symrom_update_rx_write_ptr        0x00010304               0  *ABS*
	_symrom_update_rx_read_ptr         0x00010326               0  *ABS*
	_symrom_getRxBufferSize            0x00010354               0  *ABS*
	_symrom_llProcessRxData0           0x00010370               0  *ABS*
	_symrom_getRxBufferFree            0x000104e0               0  *ABS*
	_symrom_get_rx_read_ptr            0x000104f0               0  *ABS*
	_symrom_get_rx_write_ptr           0x000104f6               0  *ABS*
	_symrom_llAdjSlaveLatencyValue     0x000104fc               0  *ABS*
	_symrom_llPduLengthManagmentReset  0x00010516               0  *ABS*
	_symrom_llPduLengthUpdate0         0x00010562               0  *ABS*
	_symrom_llPhyModeCtrlReset         0x00010666               0  *ABS*
	_symrom_llPhyModeCtrlUpdateNotify  0x00010696               0  *ABS*
	_symrom_LL_ENC_ReverseBytes        0x000106e4               0  *ABS*
	_symrom_LL_ENC_GeneratePseudoRandNum0x00010704               0  *ABS*
	_symrom_LL_ENC_AES128_Encrypt0     0x0001071a               0  *ABS*
	_symrom_LL_ENC_GenerateTrueRandNum00x00010836               0  *ABS*
	_symrom_LL_ENC_GenDeviceSKD0       0x0001083e               0  *ABS*
	_symrom_LL_ENC_GenDeviceIV0        0x00010852               0  *ABS*
	_symrom_LL_ENC_GenerateNonce0      0x00010864               0  *ABS*
	_symrom_LL_ENC_LoadKey             0x00010880               0  *ABS*
	_symrom_LL_ENC_Encrypt0            0x000108de               0  *ABS*
	_symrom_LL_ENC_Decrypt0            0x00010a68               0  *ABS*
	_symrom_LL_ENC_sm_ah               0x00010c08               0  *ABS*
	_symrom_ll_hw_set_stx              0x00010c60               0  *ABS*
	_symrom_ll_hw_set_srx              0x00010c74               0  *ABS*
	_symrom_ll_hw_set_trx              0x00010c80               0  *ABS*
	_symrom_ll_hw_set_rtx              0x00010c8c               0  *ABS*
	_symrom_ll_hw_set_trlp             0x00010c98               0  *ABS*
	_symrom_ll_hw_set_rtlp             0x00010cd4               0  *ABS*
	_symrom_ll_hw_set_rtlp_1st         0x00010d16               0  *ABS*
	_symrom_ll_hw_config               0x00010d52               0  *ABS*
	_symrom_ll_hw_go0                  0x00010dba               0  *ABS*
	_symrom_ll_hw_trigger              0x00010e9a               0  *ABS*
	_symrom_ll_hw_clr_irq              0x00010ea2               0  *ABS*
	_symrom_ll_hw_set_empty_head       0x00010eac               0  *ABS*
	_symrom_ll_hw_set_irq              0x00010eb4               0  *ABS*
	_symrom_ll_hw_set_rx_timeout_1st   0x00010eba               0  *ABS*
	_symrom_ll_hw_set_rx_timeout       0x00010ec2               0  *ABS*
	_symrom_ll_hw_set_tx_rx_release    0x00010eca               0  *ABS*
	_symrom_ll_hw_set_rx_tx_interval   0x00010edc               0  *ABS*
	_symrom_ll_hw_set_tx_rx_interval   0x00010ee8               0  *ABS*
	_symrom_ll_hw_set_trx_settle       0x00010ef4               0  *ABS*
	_symrom_ll_hw_set_loop_timeout     0x00010f02               0  *ABS*
	_symrom_ll_hw_set_loop_nack_num    0x00010f0e               0  *ABS*
	_symrom_ll_hw_set_timing0          0x00010f14               0  *ABS*
	_symrom_ll_hw_set_tfifo_space      0x00010f4a               0  *ABS*
	_symrom_ll_hw_rst_tfifo            0x00010f5e               0  *ABS*
	_symrom_ll_hw_ign_rfifo            0x00010f66               0  *ABS*
	_symrom_ll_hw_get_tfifo_info       0x00010f6c               0  *ABS*
	_symrom_ll_hw_get_rfifo_info       0x00010f88               0  *ABS*
	_symrom_ll_hw_rst_rfifo            0x00010fa4               0  *ABS*
	_symrom_ll_hw_get_rxPkt_stats      0x00010fd8               0  *ABS*
	_symrom_ll_hw_read_rfifo           0x00010fea               0  *ABS*
	_symrom_ll_hw_read_rfifo_pplus     0x000110a4               0  *ABS*
	_symrom_ll_hw_write_tfifo          0x0001110a               0  *ABS*
	_symrom_ll_hw_set_crc_fmt          0x00011192               0  *ABS*
	_symrom_ll_hw_set_pplus_pktfmt     0x0001119c               0  *ABS*
	_symrom_ll_hw_get_snNesn           0x000111ba               0  *ABS*
	_symrom_ll_hw_get_txAck            0x000111c4               0  *ABS*
	_symrom_ll_hw_get_nAck             0x000111cc               0  *ABS*
	_symrom_ll_hw_get_rxPkt_num        0x000111d8               0  *ABS*
	_symrom_ll_hw_get_rxPkt_Total_num  0x000111e0               0  *ABS*
	_symrom_ll_hw_get_rxPkt_CrcErr_num 0x000111e8               0  *ABS*
	_symrom_ll_hw_get_rxPkt_CrcOk_num  0x000111f0               0  *ABS*
	_symrom_ll_hw_get_anchor           0x000111fe               0  *ABS*
	_symrom_ll_hw_get_irq_status       0x00011204               0  *ABS*
	_symrom_ll_hw_get_fsm_status       0x00011210               0  *ABS*
	_symrom_ll_hw_get_last_ack         0x0001121a               0  *ABS*
	_symrom_ll_hw_get_loop_cycle       0x00011234               0  *ABS*
	_symrom_ll_hw_update_rtlp_mode     0x0001123a               0  *ABS*
	_symrom_ll_hw_update               0x0001127a               0  *ABS*
	_symrom_byte_to_bit                0x000112d0               0  *ABS*
	_symrom_bit_to_byte                0x000112e8               0  *ABS*
	_symrom_zigbee_crc16_gen           0x00011302               0  *ABS*
	_symrom_set_channel                0x00011304               0  *ABS*
	_symrom_set_access_address         0x00011348               0  *ABS*
	_symrom_set_crc_seed               0x00011350               0  *ABS*
	_symrom_calculate_whiten_seed      0x00011364               0  *ABS*
	_symrom_set_whiten_seed            0x000113aa               0  *ABS*
	_symrom_set_max_length             0x000113c2               0  *ABS*
	_symrom_ll_hw_get_tr_mode          0x0001143c               0  *ABS*
	_symrom_LL_set_default_conn_params00x00011446               0  *ABS*
	_symrom_LL_evt_schedule0           0x00011470               0  *ABS*
	_symrom_llSetupAdv0                0x000114b2               0  *ABS*
	_symrom_llCalcTimerDrift0          0x00011534               0  *ABS*
	_symrom_ll_hw_read_tfifo_rtlp0     0x0001155a               0  *ABS*
	_symrom_ll_hw_read_tfifo_packet0   0x000115e8               0  *ABS*
	_symrom_ll_hw_process_RTO0         0x00011616               0  *ABS*
	_symrom_ll_hw_get_tfifo_wrptr      0x0001165a               0  *ABS*
	_symrom_ll_generateTxBuffer0       0x00011666               0  *ABS*
	_symrom_ll_hw_get_loop_time        0x000117a4               0  *ABS*
	_symrom_ll_hw_get_rfifo_depth      0x000117aa               0  *ABS*
	_symrom_ll_read_rxfifo0            0x000117bc               0  *ABS*
	_symrom_getPN23RandNumber          0x0001185c               0  *ABS*
	_symrom_ll_schedule_next_event     0x00011888               0  *ABS*
	_symrom_move_to_slave_function0    0x00011894               0  *ABS*
	_symrom_llSetupUndirectedAdvEvt0   0x00011a3a               0  *ABS*
	_symrom_llSetupNonConnectableAdvEvt00x00011b10               0  *ABS*
	_symrom_llSetupScannableAdvEvt0    0x00011bdc               0  *ABS*
	_symrom_llSetupDirectedAdvEvt0     0x00011cde               0  *ABS*
	_symrom_llWaitUs                   0x00011dec               0  *ABS*
	_symrom_ll_hw_tx2rx_timing_config  0x00011e14               0  *ABS*
	_symrom_ll_hw_trx_settle_config    0x00011e46               0  *ABS*
	_symrom_LL_slave_conn_event0       0x00011e78               0  *ABS*
	_symrom_llSetupSecAdvEvt0          0x00011fde               0  *ABS*
	_symrom_llSetupSecConnectableAdvEvt00x00012092               0  *ABS*
	_symrom_llSetupSecScannableAdvEvt0 0x00012148               0  *ABS*
	_symrom_llSetupSecNonConnectableAdvEvt00x000121fe               0  *ABS*
	_symrom_llSecAdvAllow0             0x000122b4               0  *ABS*
	_symrom_llCalcMaxScanTime0         0x00012300               0  *ABS*
	_symrom_llSetupSecScan0            0x0001233c               0  *ABS*
	_symrom_read_ll_adv_remainder_time 0x000123fa               0  *ABS*
	_symrom_ll_processBasicIRQ         0x00012402               0  *ABS*
	_symrom_LL_IRQHandler              0x00012da4               0  *ABS*
	_symrom_llSlaveEvt_TaskEndOk0      0x00012e24               0  *ABS*
	_symrom_llSetupNextSlaveEvent0     0x00012fb0               0  *ABS*
	_symrom_llCheckForLstoDuringSL0    0x00013124               0  *ABS*
	_symrom_llProcessSlaveControlProcedures00x00013144               0  *ABS*
	_symrom_llProcessSlaveControlPacket00x00013454               0  *ABS*
	_symrom_llSlaveEvt_TaskAbort0      0x00013924               0  *ABS*
	_symrom_ll_adptive_adj_next_time0  0x00013926               0  *ABS*
	_symrom_isSleepAllow               0x00013a3c               0  *ABS*
	_symrom_enableSleep                0x00013a48               0  *ABS*
	_symrom_disableSleep               0x00013a50               0  *ABS*
	_symrom_setSleepMode               0x00013a58               0  *ABS*
	_symrom_getSleepMode               0x00013a5e               0  *ABS*
	_symrom_enterSleepProcess0         0x00013a64               0  *ABS*
	_symrom_config_RTC0                0x00013b1e               0  *ABS*
	_symrom_set_sleep_flag             0x00013b56               0  *ABS*
	_symrom_wakeupProcess0             0x00013b74               0  *ABS*
	_symrom_get_sleep_flag             0x00013d2a               0  *ABS*
	_symrom_enter_sleep_off_mode0      0x00013d30               0  *ABS*
	_symrom_rf_phy_ana_cfg             0x00013db0               0  *ABS*
	_symrom_rf_phy_bb_cfg              0x00013ebc               0  *ABS*
	_symrom_rf_phy_change_cfg0         0x0001401a               0  *ABS*
	_symrom_rf_tp_cal                  0x00014092               0  *ABS*
	_symrom_rf_tpCal_cfg               0x0001419a               0  *ABS*
	_symrom_rf_tpCal_cfg_avg           0x000141d0               0  *ABS*
	_symrom_rf_tpCal_gen_cap_arrary    0x0001432c               0  *ABS*
	_symrom_rf_rxDcoc_cfg              0x0001436a               0  *ABS*
	_symrom_rf_phy_get_pktFoot         0x00014476               0  *ABS*
	_symrom_rf_phy_get_pktFoot_fromPkt 0x000144a0               0  *ABS*
	_symrom_rf_phy_set_txPower         0x000144c8               0  *ABS*
	_symrom_rf_phy_ini                 0x00014548               0  *ABS*
	_symrom_rc32k_calibration          0x00014574               0  *ABS*
	_symrom_rf_calibrate0              0x000145da               0  *ABS*
	_symrom_rf_phy_direct_test_ate     0x000145f6               0  *ABS*
	_symrom_phy_sec_key_valid          0x00014bf8               0  *ABS*
	_symrom_phy_sec_app_key            0x00014c04               0  *ABS*
	_symrom_phy_sec_app_iv             0x00014c08               0  *ABS*
	_symrom_phy_sec_key_destory        0x00014c0e               0  *ABS*
	_symrom_phy_sec_encrypt            0x00014c20               0  *ABS*
	_symrom_phy_sec_decrypt            0x00014c36               0  *ABS*
	_symrom_phy_sec_otp_lock           0x00014c4c               0  *ABS*
	_symrom_phy_sec_init               0x00014c50               0  *ABS*
	_symrom_crc16                      0x00014e20               0  *ABS*
	_symrom_pplus_aesccm_dec           0x00014e86               0  *ABS*
	_symrom_pplus_aesccm_enc           0x0001501e               0  *ABS*
	_symrom___main                     0x000151a0               0  *ABS*
	_symrom___div32                    0x00015268               0  *ABS*
	_symrom___divsi3                   0x00015268               0  *ABS*
	_symrom___udiv32                   0x000152d4               0  *ABS*
	_symrom___udivsi3                  0x000152d4               0  *ABS*
	_symrom___modsi3                   0x00015320               0  *ABS*
	_symrom___rem32                    0x00015320               0  *ABS*
	_symrom___umodsi3                  0x00015370               0  *ABS*
	_symrom___urem32                   0x00015370               0  *ABS*
	_symrom____gnu_csky_case_uqi       0x000153a0               0  *ABS*
	_symrom____gnu_csky_case_shi       0x000153b4               0  *ABS*
	_symrom____gnu_csky_case_uhi       0x000153d0               0  *ABS*
	_symrom___addsf3                   0x00015538               0  *ABS*
	_symrom___subsf3                   0x00015564               0  *ABS*
	_symrom___mulsf3                   0x00015598               0  *ABS*
	_symrom___divsf3                   0x000156a4               0  *ABS*
	_symrom___floatsisf                0x00015760               0  *ABS*
	_symrom___extendsfdf2              0x000157b4               0  *ABS*
	_symrom___floatunsisf              0x000157d8               0  *ABS*
	_symrom___muldf3                   0x00015838               0  *ABS*
	_symrom___divdf3                   0x00015a64               0  *ABS*
	_symrom___floatsidf                0x00015bbc               0  *ABS*
	_symrom___make_dp                  0x00015c24               0  *ABS*
	_symrom___truncdfsf2               0x00015c4c               0  *ABS*
	_symrom___muldi3                   0x00015c80               0  *ABS*
	_symrom___pack_f                   0x00015cc4               0  *ABS*
	_symrom___unpack_f                 0x00015da4               0  *ABS*
	_symrom___make_fp                  0x00015e20               0  *ABS*
	_symrom___pack_d                   0x00015e38               0  *ABS*
	_symrom___unpack_d                 0x00015fd0               0  *ABS*
	_symrom___GI_rand                  0x00016088               0  *ABS*
	_symrom_rand                       0x00016088               0  *ABS*
	_symrom___GI_srand                 0x000160a4               0  *ABS*
	_symrom_srand                      0x000160a4               0  *ABS*
	_symrom___GI_strtoul               0x000160b0               0  *ABS*
	_symrom_strtoul                    0x000160b0               0  *ABS*
	_symrom___strcmp_fast              0x000161a8               0  *ABS*
	_symrom_strcmp                     0x000161a8               0  *ABS*
	_symrom___memset_fast              0x00016280               0  *ABS*
	_symrom_memset                     0x00016280               0  *ABS*
	_symrom___strlen_fast              0x00016328               0  *ABS*
	_symrom_strlen                     0x00016328               0  *ABS*
	_symrom___GI_strtok                0x00016368               0  *ABS*
	_symrom_strtok                     0x00016368               0  *ABS*
	_symrom___memcpy_fast              0x000163c8               0  *ABS*
	_symrom_memcpy                     0x000163c8               0  *ABS*
	_symrom___memcmp_fast              0x00016448               0  *ABS*
	_symrom_memcmp                     0x00016448               0  *ABS*
	_symrom___GI_strncmp               0x00016594               0  *ABS*
	_symrom_strncmp                    0x00016594               0  *ABS*
	_symrom___GI_isdigit               0x000165b8               0  *ABS*
	_symrom_isdigit                    0x000165b8               0  *ABS*
	_symrom___GI_isupper               0x000165c0               0  *ABS*
	_symrom_isupper                    0x000165c0               0  *ABS*
	_symrom___GI_isalpha               0x000165c8               0  *ABS*
	_symrom_isalpha                    0x000165c8               0  *ABS*
	_symrom___GI_isspace               0x000165dc               0  *ABS*
	_symrom_isspace                    0x000165dc               0  *ABS*
	_symrom_minilibc_init              0x000165f0               0  *ABS*
	_symrom___GI_os_critical_open      0x0001662c               0  *ABS*
	_symrom_os_critical_open           0x0001662c               0  *ABS*
	_symrom___GI_os_critical_enter     0x00016630               0  *ABS*
	_symrom_os_critical_enter          0x00016630               0  *ABS*
	_symrom___GI_os_critical_exit      0x00016634               0  *ABS*
	_symrom_os_critical_exit           0x00016634               0  *ABS*
	_symrom___GI_os_critical_close     0x00016638               0  *ABS*
	_symrom_os_critical_close          0x00016638               0  *ABS*
	_symrom_main                       0x0001663c               0  *ABS*
	_symrom_cpu_intrpt_save            0x00016790               0  *ABS*
	_symrom_cpu_intrpt_restore         0x0001679a               0  *ABS*
	_symrom___etext                    0x000167a0               0  *ABS*
	_symrom___srodata                  0x000167a0               0  *ABS*
	_symrom_g_hclk_table               0x000168b0               0  *ABS*
	_symrom_s_gpio_pinmap              0x000168d5               0  *ABS*
	_symrom_s_pinmap                   0x00016960               0  *ABS*
	_symrom_btBaseUUID                 0x00016984               0  *ABS*
	_symrom_gattServiceUUID            0x000169f4               0  *ABS*
	_symrom_gapServiceUUID             0x000169f6               0  *ABS*
	_symrom_serviceChangedUUID         0x000169f8               0  *ABS*
	_symrom_periConnParamUUID          0x000169fa               0  *ABS*
	_symrom_periPrivacyFlagUUID        0x000169fc               0  *ABS*
	_symrom_reconnectAddrUUID          0x000169fe               0  *ABS*
	_symrom_appearanceUUID             0x00016a00               0  *ABS*
	_symrom_deviceNameUUID             0x00016a02               0  *ABS*
	_symrom_reportRefUUID              0x00016a04               0  *ABS*
	_symrom_extReportRefUUID           0x00016a06               0  *ABS*
	_symrom_validRangeUUID             0x00016a08               0  *ABS*
	_symrom_charAggFormatUUID          0x00016a0a               0  *ABS*
	_symrom_charFormatUUID             0x00016a0c               0  *ABS*
	_symrom_servCharCfgUUID            0x00016a0e               0  *ABS*
	_symrom_clientCharCfgUUID          0x00016a10               0  *ABS*
	_symrom_charUserDescUUID           0x00016a12               0  *ABS*
	_symrom_charExtPropsUUID           0x00016a14               0  *ABS*
	_symrom_characterUUID              0x00016a16               0  *ABS*
	_symrom_includeUUID                0x00016a18               0  *ABS*
	_symrom_secondaryServiceUUID       0x00016a1a               0  *ABS*
	_symrom_primaryServiceUUID         0x00016a1c               0  *ABS*
	_symrom_supportedCmdsTable         0x00016a47               0  *ABS*
	_symrom_SCA                        0x00016a9e               0  *ABS*
	_symrom___thenan_sf                0x00016ae4               0  *ABS*
	_symrom___thenan_df                0x00016af4               0  *ABS*
	_symrom___erodata                  0x00016cd8               0  *ABS*
	_symrom___rodata_end__             0x00016cd8               0  *ABS*
	jump_table_base                    0x1fff0000      O      256  .jtdata
	global_config                      0x1fff0100      O      256  .gcdata
	_symrom___data_start__             0x1fff0200               0  *ABS*
	_symrom___sdata                    0x1fff0200               0  *ABS*
	_symrom_data_start                 0x1fff0200               0  *ABS*
	_symrom_g_rom_dwc_buf_size         0x1fff0200               0  *ABS*
	_symrom_g_rom_dwc_buf              0x1fff0204               0  *ABS*
	_symrom_g_rom_heap_size            0x1fff0208               0  *ABS*
	_symrom_g_rom_heap                 0x1fff020c               0  *ABS*
	_symrom_pGlobal_config             0x1fff0210               0  *ABS*
	_symrom_hclk_per_us                0x1fff0214               0  *ABS*
	_symrom_hclk_per_us_shift          0x1fff0218               0  *ABS*
	_symrom_DLL_enable_num             0x1fff021c               0  *ABS*
	_symrom_m_prog_ctx                 0x1fff0220               0  *ABS*
	_symrom_UART_TOUT_INTV             0x1fff0268               0  *ABS*
	_symrom_g_uart_baud                0x1fff026c               0  *ABS*
	_symrom_g_system_clock             0x1fff0284               0  *ABS*
	_symrom_g_hclk                     0x1fff0288               0  *ABS*
	_symrom_s_gpio_in_cfg              0x1fff028c               0  *ABS*
	_symrom_s_spif_ctx                 0x1fff0298               0  *ABS*
	_symrom_s_swu_pin                  0x1fff02a0               0  *ABS*
	_symrom_s_tx_pin                   0x1fff02a4               0  *ABS*
	_symrom_s_rx_pin                   0x1fff02a8               0  *ABS*
	_symrom_adc_op_timeout             0x1fff02ac               0  *ABS*
	_symrom_adc_cal_postive            0x1fff02ae               0  *ABS*
	_symrom_adc_cal_negtive            0x1fff02b0               0  *ABS*
	_symrom_otp_mode_switch_timeout_delay0x1fff02b4               0  *ABS*
	_symrom_s_config_swClk0            0x1fff02d4               0  *ABS*
	_symrom_s_config_swClk1            0x1fff02d8               0  *ABS*
	_symrom_wdg_ms_cycle               0x1fff02dc               0  *ABS*
	_symrom_baseTaskID                 0x1fff02e2               0  *ABS*
	_symrom_g_ATT_MAX_NUM_HANDLES_INFO 0x1fff02e8               0  *ABS*
	_symrom_g_ATT_MAX_NUM_HANDLES      0x1fff02ea               0  *ABS*
	_symrom_g_ATT_MTU_SIZE_MAX         0x1fff02ec               0  *ABS*
	_symrom_gapAppTaskID               0x1fff02f8               0  *ABS*
	_symrom_gapUnwantedTaskID          0x1fff0358               0  *ABS*
	_symrom_reqTaskId                  0x1fff035a               0  *ABS*
	_symrom_l2capExtendFragments       0x1fff035e               0  *ABS*
	_symrom_g_maxPktPerEventTx         0x1fff036c               0  *ABS*
	_symrom_g_maxPktPerEventRx         0x1fff036d               0  *ABS*
	_symrom_g_getPn23_seed             0x1fff0370               0  *ABS*
	_symrom_g_TIM1_IRQ_timing          0x1fff0374               0  *ABS*
	_symrom_g_counter_traking_avg      0x1fff0380               0  *ABS*
	_symrom_g_rxAdcClkSel              0x1fff0384               0  *ABS*
	_symrom_g_system_clk               0x1fff0388               0  *ABS*
	_symrom_g_rfPhyTxPower             0x1fff038c               0  *ABS*
	_symrom_g_rfPhyTpCal0              0x1fff038d               0  *ABS*
	_symrom_g_rfPhyPktFmt              0x1fff038e               0  *ABS*
	_symrom_g_rfPhyTpCal1              0x1fff038f               0  *ABS*
	_symrom_g_rfPhyTpCal0_2Mbps        0x1fff0390               0  *ABS*
	_symrom_g_rfPhyTpCal1_2Mbps        0x1fff0391               0  *ABS*
	_symrom_g_rfPhyRxDcIQ              0x1fff0394               0  *ABS*
	_symrom_g_rc32kCalRes              0x1fff0398               0  *ABS*
	_symrom_g_dtmTxPower               0x1fff0399               0  *ABS*
	_symrom_g_dtmManualConfig          0x1fff039a               0  *ABS*
	_symrom_g_dtmAccessCode            0x1fff039c               0  *ABS*
	_symrom_g_dtmTpCalEnable           0x1fff03a0               0  *ABS*
	_symrom_stderr                     0x1fff03a8               0  *ABS*
	_symrom_stdout                     0x1fff03c8               0  *ABS*
	_symrom_stdin                      0x1fff03e8               0  *ABS*
	_symrom___bss_start__              0x1fff0408               0  *ABS*
	_symrom___data_end__               0x1fff0408               0  *ABS*
	_symrom___edata                    0x1fff0408               0  *ABS*
	_symrom___sbss                     0x1fff0408               0  *ABS*
	_symrom___start_cmd                0x1fff0408               0  *ABS*
	_symrom___start_init_call          0x1fff0408               0  *ABS*
	_symrom___stop_cmd                 0x1fff0408               0  *ABS*
	_symrom___stop_init_call           0x1fff0408               0  *ABS*
	_symrom_g_xtal16M_tmp              0x1fff040c               0  *ABS*
	_symrom_tracking_cnt               0x1fff0410               0  *ABS*
	_symrom_g_xtal96M_temp             0x1fff0414               0  *ABS*
	_symrom_s_prog_time_save           0x1fff0418               0  *ABS*
	_symrom_s_prog_timeout             0x1fff041c               0  *ABS*
	_symrom_SRAM_RET_TEST_WORD         0x1fff0420               0  *ABS*
	_symrom_s_rom_wakeup_flg           0x1fff0424               0  *ABS*
	_symrom_retFlg                     0x1fff0428               0  *ABS*
	_symrom_receive_timeout_flag       0x1fff042c               0  *ABS*
	_symrom_g_system_reset_cause       0x1fff0430               0  *ABS*
	_symrom_g_intstackalloc            0x1fff0434               0  *ABS*
	_symrom_g_intstackbase             0x1fff0434               0  *ABS*
	_symrom_g_top_irqstack             0x1fff06a0               0  *ABS*
	_symrom_g_trapstackalloc           0x1fff06a0               0  *ABS*
	_symrom_g_trapstackbase            0x1fff06a0               0  *ABS*
	_symrom_g_top_trapstack            0x1fff0720               0  *ABS*
	_symrom_m_gpioCtx                  0x1fff0720               0  *ABS*
	_symrom_m_in_critical_region       0x1fff0730               0  *ABS*
	_symrom_s_rom_debug_level          0x1fff0734               0  *ABS*
	_symrom_s_ap_callback              0x1fff0738               0  *ABS*
	_symrom_osal_sys_tick              0x1fff073c               0  *ABS*
	_symrom_s_swu_mode                 0x1fff07a4               0  *ABS*
	_symrom_s_uart_baudrate            0x1fff07a8               0  *ABS*
	_symrom_adc_timeout_en             0x1fff07ac               0  *ABS*
	_symrom_mAdc_init_flg              0x1fff07ad               0  *ABS*
	_symrom_adc_Lambda                 0x1fff07b0               0  *ABS*
	_symrom_r_wdg_int_mode             0x1fff0904               0  *ABS*
	_symrom_r_wdg_cycle                0x1fff0908               0  *ABS*
	_symrom_OSAL_timeSeconds           0x1fff0914               0  *ABS*
	_symrom_timerHead                  0x1fff0934               0  *ABS*
	_symrom_gapProfileRole             0x1fff095c               0  *ABS*
	_symrom_gapDeviceAddrMode          0x1fff095d               0  *ABS*
	_symrom_gapAutoAdvPrivateAddrChange0x1fff0964               0  *ABS*
	_symrom_pGapAdvertState            0x1fff0968               0  *ABS*
	_symrom_pGapDiscReq                0x1fff096c               0  *ABS*
	_symrom_pAuthLink                  0x1fff0970               0  *ABS*
	_symrom_pEstLink                   0x1fff0978               0  *ABS*
	_symrom_pfnCentralConnCBs          0x1fff097c               0  *ABS*
	_symrom_pfnPeripheralCBs           0x1fff0990               0  *ABS*
	_symrom_pPairingParams             0x1fff0a00               0  *ABS*
	_symrom_pfnResponderCBs            0x1fff0a04               0  *ABS*
	_symrom_conn_param                 0x1fff0a08               0  *ABS*
	_symrom_g_maxConnNum               0x1fff0a0c               0  *ABS*
	_symrom_g_blePktVersion            0x1fff0a10               0  *ABS*
	_symrom_llWaitingIrq               0x1fff0a14               0  *ABS*
	_symrom_llScanTime                 0x1fff0a18               0  *ABS*
	_symrom_g_adv_taskID               0x1fff0a1c               0  *ABS*
	_symrom_g_adv_taskEvent            0x1fff0a1e               0  *ABS*
	_symrom_g_getPn23_cnt              0x1fff0a20               0  *ABS*
	_symrom_ISR_entry_time             0x1fff0a24               0  *ABS*
	_symrom_p_perStatsByChan           0x1fff0a28               0  *ABS*
	_symrom_LL_PLUS_ScanRequestFilterCBack0x1fff0a2c               0  *ABS*
	_symrom_g_same_rf_channel_flag     0x1fff0a30               0  *ABS*
	_symrom_LL_PLUS_AdvDataFilterCBack 0x1fff0a34               0  *ABS*
	_symrom_g_conn_taskID              0x1fff0a38               0  *ABS*
	_symrom_g_conn_taskEvent           0x1fff0a3a               0  *ABS*
	_symrom_llScanDuration             0x1fff0a3c               0  *ABS*
	_symrom_g_smartWindowRTOCnt        0x1fff0a40               0  *ABS*
	_symrom_g_smartWindowPreAnchPoint  0x1fff0a44               0  *ABS*
	_symrom_g_smartWindowActiveCnt     0x1fff0a48               0  *ABS*
	_symrom_g_smartWindowActive        0x1fff0a4c               0  *ABS*
	_symrom_g_smartWindowSizeNew       0x1fff0a50               0  *ABS*
	_symrom_g_smartWindowSize          0x1fff0a54               0  *ABS*
	_symrom_g_smartWindowLater         0x1fff0a58               0  *ABS*
	_symrom_g_phyChg_taskEvent         0x1fff0a5c               0  *ABS*
	_symrom_g_phyChg_taskID            0x1fff0a5e               0  *ABS*
	_symrom_g_dle_taskEvent            0x1fff0a60               0  *ABS*
	_symrom_g_dle_taskID               0x1fff0a62               0  *ABS*
	_symrom_slave_conn_event_recv_delay0x1fff0a64               0  *ABS*
	_symrom_g_t_llhwgo                 0x1fff0a68               0  *ABS*
	_symrom_g_counter_traking_cnt      0x1fff0a6c               0  *ABS*
	_symrom_sleep_flag                 0x1fff0a70               0  *ABS*
	_symrom_g_TIM2_IRQ_TIM3_CurrCount  0x1fff0a74               0  *ABS*
	_symrom_g_TIM2_IRQ_to_Sleep_DeltTick0x1fff0a78               0  *ABS*
	_symrom_g_wakeup_rtc_tick          0x1fff0a7c               0  *ABS*
	_symrom_g_TIM2_IRQ_PendingTick     0x1fff0a80               0  *ABS*
	_symrom_g_osal_tick_trim           0x1fff0a84               0  *ABS*
	_symrom_g_osalTickTrim_mod         0x1fff0a88               0  *ABS*
	_symrom_rtc_mod_value              0x1fff0a8c               0  *ABS*
	_symrom_g_TIM2_wakeup_delay        0x1fff0a90               0  *ABS*
	_symrom_g_rfPhyClkSel              0x1fff0a94               0  *ABS*
	_symrom_g_dtmModeType              0x1fff0a98               0  *ABS*
	_symrom_g_dtmLength                0x1fff0a99               0  *ABS*
	_symrom_g_dtmPKT                   0x1fff0a9a               0  *ABS*
	_symrom_g_dtmPktIntv               0x1fff0a9c               0  *ABS*
	_symrom_g_dtmPktCount              0x1fff0a9e               0  *ABS*
	_symrom_g_dtmRsp                   0x1fff0aa0               0  *ABS*
	_symrom_g_dtmExtLen                0x1fff0aa2               0  *ABS*
	_symrom_g_dtmFoff                  0x1fff0aa4               0  *ABS*
	_symrom_g_dtmRssi                  0x1fff0aa6               0  *ABS*
	_symrom_g_dtmCarrSens              0x1fff0aa7               0  *ABS*
	_symrom_g_dtmTick                  0x1fff0aa8               0  *ABS*
	_symrom_g_dtmRxCrcNum              0x1fff0aac               0  *ABS*
	_symrom_g_dtmRxTONum               0x1fff0aae               0  *ABS*
	_symrom_g_dtmPerAutoIntv           0x1fff0ab0               0  *ABS*
	_symrom_g_dtmStatus                0x1fff0ab4               0  *ABS*
	_symrom_g_dtmEvt                   0x1fff0ab5               0  *ABS*
	_symrom_g_dtmPara                  0x1fff0ab6               0  *ABS*
	_symrom_g_dtmCtrl                  0x1fff0ab7               0  *ABS*
	_symrom_g_dtmFreq                  0x1fff0ab8               0  *ABS*
	_symrom_g_dtmCmd                   0x1fff0ab9               0  *ABS*
	_symrom_g_rfPhyDtmEvt              0x1fff0aba               0  *ABS*
	_symrom_g_rfPhyDtmCmd              0x1fff0abc               0  *ABS*
	_symrom_g_rfPhyFreqOffSet          0x1fff0abe               0  *ABS*
	_symrom_g_phy_sec_key_valid        0x1fff0ac0               0  *ABS*
	_symrom_g_phy_sec_key              0x1fff0ac4               0  *ABS*
	_symrom_p_phy_sec_iv               0x1fff0ad4               0  *ABS*
	_symrom_g_bootFlag                 0x1fff0ad8               0  *ABS*
	_symrom_trap_c_callback            0x1fff0ae0               0  *ABS*
	_symrom_hardFault                  0x1fff0ae4               0  *ABS*
	_symrom_g_timer4_irq_pending_time  0x1fff0ae8               0  *ABS*
	_symrom_mAdc_Ctx                   0x1fff0aec               0  *ABS*
	_symrom_adc_to                     0x1fff0b14               0  *ABS*
	_symrom_otp_internal_delay         0x1fff0b18               0  *ABS*
	_symrom_s_gpio_wakeup_src          0x1fff0b1c               0  *ABS*
	_symrom_m_qdecCtx                  0x1fff0b24               0  *ABS*
	_symrom_watchdog_TaskID            0x1fff0b64               0  *ABS*
	_symrom_osal_qHead                 0x1fff0b68               0  *ABS*
	_symrom_cbTimers                   0x1fff0b6c               0  *ABS*
	_symrom_ll_remain_time             0x1fff0be4               0  *ABS*
	_symrom_pwrmgr_attribute           0x1fff0be8               0  *ABS*
	_symrom_g_attMtuClientServer       0x1fff0bf0               0  *ABS*
	_symrom_gAttMtuSize                0x1fff0bf4               0  *ABS*
	_symrom_gapTaskID                  0x1fff0bf6               0  *ABS*
	_symrom_serverInfoTbl              0x1fff0bf8               0  *ABS*
	_symrom_gattTaskID                 0x1fff0c00               0  *ABS*
	_symrom_l2capTaskID                0x1fff0c02               0  *ABS*
	_symrom_l2capChannels              0x1fff0c04               0  *ABS*
	_symrom_l2capFixedChannels         0x1fff0c22               0  *ABS*
	_symrom_g_sarDbgCnt                0x1fff0c34               0  *ABS*
	_symrom_l2capSegmentPkt            0x1fff0c68               0  *ABS*
	_symrom_currSeqNum                 0x1fff0cc4               0  *ABS*
	_symrom_l2capReassemblePkt         0x1fff0cc8               0  *ABS*
	_symrom_smTaskID                   0x1fff0cd8               0  *ABS*
	_symrom_hciPTMenabled              0x1fff0cda               0  *ABS*
	_symrom_ctrlToHostEnable           0x1fff0cdb               0  *ABS*
	_symrom_numHostBufs                0x1fff0cdc               0  *ABS*
	_symrom_hciCtrlCmdToken            0x1fff0cde               0  *ABS*
	_symrom_bleEvtMask                 0x1fff0ce0               0  *ABS*
	_symrom_pHciEvtMask                0x1fff0ce4               0  *ABS*
	_symrom_hciTaskID                  0x1fff0cec               0  *ABS*
	_symrom_hciSmpTaskID               0x1fff0ced               0  *ABS*
	_symrom_hciGapTaskID               0x1fff0cee               0  *ABS*
	_symrom_hciExtTaskID               0x1fff0cef               0  *ABS*
	_symrom_hciL2capTaskID             0x1fff0cf0               0  *ABS*
	_symrom_hciTestTaskID              0x1fff0cf1               0  *ABS*
	_symrom_chanMapUpdate              0x1fff0cf4               0  *ABS*
	_symrom_verInfo                    0x1fff0cfa               0  *ABS*
	_symrom_fastTxRespTime             0x1fff0d00               0  *ABS*
	_symrom_g_llPduLen                 0x1fff0d02               0  *ABS*
	_symrom_llState                    0x1fff0d1e               0  *ABS*
	_symrom_llSecondaryState           0x1fff0d1f               0  *ABS*
	_symrom_ownPublicAddr              0x1fff0d20               0  *ABS*
	_symrom_rfCounters                 0x1fff0d26               0  *ABS*
	_symrom_deviceFeatureSet           0x1fff0d32               0  *ABS*
	_symrom_peerInfo                   0x1fff0d3b               0  *ABS*
	_symrom_numComplPkts               0x1fff0d42               0  *ABS*
	_symrom_g_pmCounters               0x1fff0d44               0  *ABS*
	_symrom_scanInfo                   0x1fff0dcc               0  *ABS*
	_symrom_LL_TaskID                  0x1fff0de4               0  *ABS*
	_symrom_numComplPktsLimit          0x1fff0de5               0  *ABS*
	_symrom_adv_param                  0x1fff0de6               0  *ABS*
	_symrom_g_llHdcDirAdvTime          0x1fff0dfc               0  *ABS*
	_symrom_ownRandomAddr              0x1fff0e00               0  *ABS*
	_symrom_rxFifoFlowCtrl             0x1fff0e06               0  *ABS*
	_symrom_cachedTRNGdata             0x1fff0e07               0  *ABS*
	_symrom_whiten_seed                0x1fff0e13               0  *ABS*
	_symrom_tx_scanRsp_desc            0x1fff0e3c               0  *ABS*
	_symrom_g_tx_adv_buf               0x1fff0e6c               0  *ABS*
	_symrom_g_rx_adv_buf               0x1fff0e9c               0  *ABS*
	_symrom_llScanT1                   0x1fff0ecc               0  *ABS*
	_symrom_llCurrentScanChn           0x1fff0ed0               0  *ABS*
	_symrom_sleep_tick                 0x1fff0ed4               0  *ABS*
	_symrom_counter_tracking           0x1fff0ed8               0  *ABS*
	_symrom_forever_write              0x1fff0edc               0  *ABS*
	_symrom_errno                      0x1fff0ee0               0  *ABS*
	_symrom___malloc_lock              0x1fff0ee4               0  *ABS*
	_symrom___bss_end__                0x1fff0ee8               0  *ABS*
	_symrom___ebss                     0x1fff0ee8               0  *ABS*
	_symrom___end                      0x1fff0ee8               0  *ABS*
	_symrom___heap_start               0x1fff0ee8               0  *ABS*
	_symrom_end                        0x1fff0ee8               0  *ABS*
	__Vectors                          0x1fff1000      O        8  .text
	Reset_Handler                      0x1fff1008      F       70  .text
	__stext                            0x1fff1008               0  .text
	___gnu_csky_case_uqi               0x1fff106c      F       20  .text
	__addsf3                           0x1fff11cc      F       42  .text
	__subsf3                           0x1fff11f8      F       50  .text
	__mulsf3                           0x1fff122c      F      268  .text
	__divsf3                           0x1fff1338      F      188  .text
	__floatsisf                        0x1fff13f4      F       82  .text
	__fixsfsi                          0x1fff1448      F       80  .text
	__extendsfdf2                      0x1fff1498      F       36  .text
	__floatunsisf                      0x1fff14bc      F       96  .text
	__muldf3                           0x1fff151c      F      556  .text
	__divdf3                           0x1fff1748      F      344  .text
	__floatsidf                        0x1fff18a0      F      104  .text
	__make_dp                          0x1fff1908      F       40  .text
	__truncdfsf2                       0x1fff1930      F       50  .text
	__muldi3                           0x1fff1964      F       68  .text
	__pack_f                           0x1fff19a8      F      224  .text
	__unpack_f                         0x1fff1a88      F      124  .text
	__make_fp                          0x1fff1b04      F       22  .text
	__pack_d                           0x1fff1b1c      F      408  .text
	__unpack_d                         0x1fff1cb4      F      184  .text
	__memset_fast                      0x1fff1d6c    w F      166  .text
	memset                             0x1fff1d6c    w F      166  .text
	__memcpy_fast                      0x1fff1e14    w F      126  .text
	memcpy                             0x1fff1e14    w F      126  .text
	board_init                         0x1fff1e92      F        2  .text
	SystemInit                         0x1fff1e94      F       44  .text
	trap_c                             0x1fff1ec0      F      124  .text
	hal_rtc_clock_config               0x1fff1f3c      F      136  .text
	dbg_UART0_IRQHandler               0x1fff1fd2      F        8  .text
	dbg_printf                         0x1fff1fdc      F       36  .text
	dbg_printf_init                    0x1fff2000      F       84  .text
	hal_pwrmgr_init                    0x1fff2054      F       44  .text
	hal_watchdog_config                0x1fff2080      F        4  .text
	hal_adc_init                       0x1fff20b4      F      116  .text
	hal_adc_start                      0x1fff2128      F      220  .text
	hal_adc_config_channel             0x1fff2204      F      796  .text
	hal_adc_stop                       0x1fff2520      F      232  .text
	hal_ADC_IRQ                        0x1fff2608      F      208  .text
	hal_adc_value_cal                  0x1fff26d8      F      312  .text
	hal_otp_flash_init                 0x1fff284c      F       48  .text
	main                               0x1fff287c      F      424  .text
	adc_Init                           0x1fff2b4c      F       16  .text
	adc_ProcessEvent                   0x1fff2b5c      F       80  .text
	app_main                           0x1fff2bac      F       20  .text
	osalInitTasks                      0x1fff2bc0      F       52  .text
	__wdt_init                         0x1fff2bf4      F       24  .text
	wakeup_init1                       0x1fff2c0c      F       12  .text
	ll_hw_write_tfifo1                 0x1fff2c18      F      144  .text
	ll_generateTxBuffer1               0x1fff2ca8      F      332  .text
	init_config                        0x1fff2df4      F      508  .text
	hal_rom_boot_init                  0x1fff2ff0      F        8  .text
	rf_phy_change_cfg1                 0x1fff2ff8      F       48  .text
	rf_phy_ini1                        0x1fff3028      F      100  .text
	__etext                            0x1fff3380               0  .text
	__srodata                          0x1fff3380               0  .rodata
	__thenan_sf                        0x1fff3438      O       16  .rodata
	__thenan_df                        0x1fff3448      O       20  .rodata
	adc_Lambda                         0x1fff3494      O       24  .rodata
	__erodata                          0x1fff3600               0  .rodata
	__rodata_end__                     0x1fff3600               0  .rodata
	__data_start__                     0x1fff3600               0  .data
	__sdata                            0x1fff3600               0  .data
	data_start                         0x1fff3600               0  .data
	s_pinmap                           0x1fff360c      O       36  .data
	adc_cfg                            0x1fff3630      O        4  .data
	tasksArr                           0x1fff3634      O        8  .data
	tasksCnt                           0x1fff363c      O        2  .data
	__start_cmd                        0x1fff363e               0  .data
	__start_init_call                  0x1fff363e               0  .data
	__stop_init_call                   0x1fff363e               0  .data
	__data_end__                       0x1fff3640               0  .data
	__edata                            0x1fff3640               0  .data
	__stop_cmd                         0x1fff3640               0  .data
	__bss_start__                      0x1fff3640               0  .bss
	__sbss                             0x1fff3640               0  .bss
	g_intstackalloc                    0x1fff3640               0  .bss
	g_intstackbase                     0x1fff3640               0  .bss
	__initial_sp                       0x1fff4640               0  .bss
	g_top_irqstack                     0x1fff4640               0  .bss
	trap_c_callback                    0x1fff4644      O        4  .bss
	g_pConnectionBuffer                0x1fff4648      O      336  .bss
	pConnContext                       0x1fff4798      O      708  .bss
	g_clk32K_config                    0x1fff4a5c      O        1  .bss
	g_largeHeap                        0x1fff4a60      O     2048  .bss
	tasksEvents                        0x1fff5260      O        4  .bss
	g_attMtuClientServer               0x1fff5264      O        4  .bss
	pGlobal_config                     0x1fff5268      O        4  .bss
	s_macaddr                          0x1fff526c      O        8  .bss
	__bss_end__                        0x1fff5274               0  .bss
	__ebss                             0x1fff5274               0  .bss
	__end                              0x1fff5274               0  .bss
	end                                0x1fff5274               0  .bss
	__heap_start                       0x1fff5274               0  ._user_heap

	(w:Weak    d:Deubg    F:Function    f:File name    O:Zero)


======================================================================

Memory Map of the image

    Image Entry point : 0x1fff1008

    Region JUMPTBL (Base: 0x1fff0000, Size: 0x00000100, Max: 0x00000100)

    Base Addr    Size         Type   Attr      Idx   Section Name       Object
    0x1fff0000   0x00000100   Data   RW         97  jump_table_mem_area	Obj/misc_jump_table.o

    Region GCONFIG (Base: 0x1fff0100, Size: 0x00000100, Max: 0x00000100)

    Base Addr    Size         Type   Attr      Idx   Section Name       Object
    0x1fff0100   0x00000100   Data   RW         96  global_config_area	Obj/misc_jump_table.o

    Region *default* (Base: 0x00000000, Size: 0x00000000, Max: 0xffffffff)


======================================================================

Image component sizes

       Code    RO Data    RW Data    ZI Data      Debug   Object Name

        564          0          0          0          0   linker stubs
          2          0          0          0      27864   Obj/ck802_board_init.o
        100          0          0       4096        357   Obj/ck802_startup.o
         44          0          0          0      91417   Obj/ck802_system.o
        124         55          0          4      45285   Obj/ck802_trap_c.o
          0          0          0          0          0   Obj/ck802_vectors.o
          0          0        512          0      96638   Obj/misc_jump_table.o
        136          0          0          0      45344   Obj/source_clock.o
        142          0          0          0      91433   Obj/source_my_printf.o
         44          0          0          0      90505   Obj/source_pwrmgr.o
          4          0          0          0      86944   Obj/source_watchdog.o
       1932         60         48          0     100520   Obj/source_adc.o
        108          0          0          0     101040   Obj/source_flash.o
        424        402          0       3096     103742   Obj/source_main.o
        392         86          4          2      91106   Obj/source_adc_demo.o
         20          0          0          0      29325   Obj/source_adc_Main.o
         52          0         10          8     105999   Obj/source_OSAL_adc.o
          0          0          0          0          0   Obj/__rt_entry.o
	------------------------------------------------------------
       4088        603        574       7206    1107519   Object Totals
         16          1          2          2          0   Pad
          0          0          0          0          0   LD_GEN

	------------------------------------------------------------
    [Library Name]: C:/Dfile/test/jack_test_sripts_F1/lib\librf.a
	------------------------------------------------------------
       Code    RO Data    RW Data    ZI Data      Debug   Library Member Name

       1028          0          0         12      98031   src_patch_patch.o
        148          0          0          0      99531   src_patch_rf_phy_driver.o
	------------------------------------------------------------
       1176          0          0         12     197562   Library Totals
          0          0          0          0          0   Pad
          0          0          0          0          0   LD_GEN

	------------------------------------------------------------
    [Library Name]: c:/c-sky/cdk/csky/mingw/csky-abiv2-elf-toolchain/bin/../lib/gcc/csky-elfabiv2/6.3.0/ck802\libgcc.a
	------------------------------------------------------------
       Code    RO Data    RW Data    ZI Data      Debug   Library Member Name

          0          0          0          0          0   _divsi3.o
         20          0          0          0          0   _csky_case_uqi.o
        426          0          0          0          0   _addsub_sf.o
        268          0          0          0          0   _mul_sf.o
        188          0          0          0          0   _div_sf.o
         82          0          0          0          0   _si_to_sf.o
         80          0          0          0          0   _sf_to_si.o
         36          0          0          0          0   _sf_to_df.o
          0         16          0          0          0   _thenan_sf.o
         96          0          0          0          0   _usi_to_sf.o
        556          0          0          0          0   _mul_df.o
        344          0          0          0          0   _div_df.o
        104          0          0          0          0   _si_to_df.o
         40          0          0          0          0   _make_df.o
         50          0          0          0          0   _df_to_sf.o
          0         20          0          0          0   _thenan_df.o
         68          0          0          0          0   _muldi3.o
        224          0          0          0          0   _pack_sf.o
        124          0          0          0          0   _unpack_sf.o
         22          0          0          0          0   _make_sf.o
        408          0          0          0          0   _pack_df.o
        184          0          0          0          0   _unpack_df.o
	------------------------------------------------------------
       3320         36          0          0          0   Library Totals
          0          0          0          0          0   Pad
          0          0          0          0          0   LD_GEN

	------------------------------------------------------------
    [Library Name]: c:/c-sky/cdk/csky/mingw/csky-abiv2-elf-toolchain/bin/../lib/gcc/csky-elfabiv2/6.3.0/../../../../csky-elfabiv2/lib/ck802\libc.a
	------------------------------------------------------------
       Code    RO Data    RW Data    ZI Data      Debug   Library Member Name

        166          0          0          0          0   memset_fast.o
        126          0          0          0          0   memcpy_fast.o
	------------------------------------------------------------
        292          0          0          0          0   Library Totals
          0          0          0          0          0   Pad
          0          0          0          0          0   LD_GEN

	------------------------------------------------------------

======================================================================


       Code    RO Data    RW Data    ZI Data      Debug
       8892        640        576       7220    1305081   Grand Totals
       8892        640        576       7220    1305081   Elf Image Totals
       8892        640        576          0          0   ROM Totals

======================================================================

Total	RO	Size (Code + RO Data)				9532 (  9.31kB)
Total	RW	Size (RW Data + ZI Data)			7796 (  7.61kB)
Total	ROM	Size (Code + RO Data + RW Data)		10108 (  9.87kB)

======================================================================
